Component: Arm Compiler for Embedded 6.19 Tool: armlink [5e73cb00]

==============================================================================

Section Cross References

    startup.o(STACK) refers (Special) to heapauxi.o(.text) for __use_two_region_memory
    startup.o(HEAP) refers (Special) to heapauxi.o(.text) for __use_two_region_memory
    startup.o(RESET) refers (Special) to heapauxi.o(.text) for __use_two_region_memory
    startup.o(RESET) refers to startup.o(STACK) for StackMem
    startup.o(RESET) refers to spaceinvaders.o(.text.Timer1A_Handler) for Timer1A_Handler
    startup.o(RESET) refers to wave.o(.text.Timer2A_Handler) for Timer2A_Handler
    startup.o(RESET) refers to texas.o(.text.Timer5A_Handler) for Timer5A_Handler
    startup.o(RESET) refers to __main.o(!!!main) for __main
    startup.o(.text) refers (Special) to heapauxi.o(.text) for __use_two_region_memory
    startup.o(.text) refers to startup.o(HEAP) for HeapMem
    startup.o(.text) refers to startup.o(STACK) for StackMem
    timer0.o(.ARM.exidx.text.Timer0_Init) refers to timer0.o(.text.Timer0_Init) for [Anonymous Symbol]
    random.o(.text) refers to random.o(DATA) for M
    timer1.o(.ARM.exidx.text.Timer1_Init) refers to timer1.o(.text.Timer1_Init) for [Anonymous Symbol]
    spaceinvaders.o(.ARM.exidx.text.Button_Init) refers to spaceinvaders.o(.text.Button_Init) for [Anonymous Symbol]
    spaceinvaders.o(.ARM.exidx.text.direction) refers to spaceinvaders.o(.text.direction) for [Anonymous Symbol]
    spaceinvaders.o(.text.check_collision) refers to spaceinvaders.o(.data.yerr) for yerr
    spaceinvaders.o(.text.check_collision) refers to array.o(.rodata.track) for track
    spaceinvaders.o(.ARM.exidx.text.check_collision) refers to spaceinvaders.o(.text.check_collision) for [Anonymous Symbol]
    spaceinvaders.o(.text.applymove) refers to spaceinvaders.o(.data.yerr) for yerr
    spaceinvaders.o(.ARM.exidx.text.applymove) refers to spaceinvaders.o(.text.applymove) for [Anonymous Symbol]
    spaceinvaders.o(.text.check_collision_wheel_handle) refers to spaceinvaders.o(.bss.collide_wheel1_result) for collide_wheel1_result
    spaceinvaders.o(.text.check_collision_wheel_handle) refers to spaceinvaders.o(.data.yerr) for yerr
    spaceinvaders.o(.text.check_collision_wheel_handle) refers to spaceinvaders.o(.data.wheel_sprite1) for wheel_sprite1
    spaceinvaders.o(.text.check_collision_wheel_handle) refers to wave.o(.text.Wave_Shoot) for Wave_Shoot
    spaceinvaders.o(.text.check_collision_wheel_handle) refers to array.o(.rodata.black) for black
    spaceinvaders.o(.text.check_collision_wheel_handle) refers to st7735.o(.text.ST7735_DrawBitmap) for ST7735_DrawBitmap
    spaceinvaders.o(.text.check_collision_wheel_handle) refers to spaceinvaders.o(.bss.collide_wheel2_result) for collide_wheel2_result
    spaceinvaders.o(.text.check_collision_wheel_handle) refers to spaceinvaders.o(.data.wheel_sprite2) for wheel_sprite2
    spaceinvaders.o(.text.check_collision_wheel_handle) refers to spaceinvaders.o(.bss.collide_handle_result) for collide_handle_result
    spaceinvaders.o(.text.check_collision_wheel_handle) refers to spaceinvaders.o(.data.handle_sprite) for handle_sprite
    spaceinvaders.o(.ARM.exidx.text.check_collision_wheel_handle) refers to spaceinvaders.o(.text.check_collision_wheel_handle) for [Anonymous Symbol]
    spaceinvaders.o(.text.update_character) refers to spaceinvaders.o(.text.direction) for direction
    spaceinvaders.o(.text.update_character) refers to spaceinvaders.o(.text.check_collision) for check_collision
    spaceinvaders.o(.text.update_character) refers to spaceinvaders.o(.text.applymove) for applymove
    spaceinvaders.o(.ARM.exidx.text.update_character) refers to spaceinvaders.o(.text.update_character) for [Anonymous Symbol]
    spaceinvaders.o(.text.check_TA_DrY_collide) refers to spaceinvaders.o(.data.yerr) for yerr
    spaceinvaders.o(.text.check_TA_DrY_collide) refers to spaceinvaders.o(.data.malav_sprite) for malav_sprite
    spaceinvaders.o(.text.check_TA_DrY_collide) refers to spaceinvaders.o(.bss.collide_malav_result) for collide_malav_result
    spaceinvaders.o(.text.check_TA_DrY_collide) refers to spaceinvaders.o(.data.sophia_sprite) for sophia_sprite
    spaceinvaders.o(.text.check_TA_DrY_collide) refers to spaceinvaders.o(.bss.collide_sophia_result) for collide_sophia_result
    spaceinvaders.o(.ARM.exidx.text.check_TA_DrY_collide) refers to spaceinvaders.o(.text.check_TA_DrY_collide) for [Anonymous Symbol]
    spaceinvaders.o(.text.Timer1A_Handler) refers to spaceinvaders.o(.text.update_character) for update_character
    spaceinvaders.o(.text.Timer1A_Handler) refers to spaceinvaders.o(.data.malav_sprite) for malav_sprite
    spaceinvaders.o(.text.Timer1A_Handler) refers to spaceinvaders.o(.data.sophia_sprite) for sophia_sprite
[...]
    libinit2.o(.ARM.Collect$$libinit$$0000001A) refers to libinit2.o(.ARM.Collect$$libinit$$00000011) for .ARM.Collect$$libinit$$00000011
    libinit2.o(.ARM.Collect$$libinit$$00000028) refers to argv_veneer.o(.emb_text) for __ARM_argv_veneer
    libinit2.o(.ARM.Collect$$libinit$$00000029) refers to argv_veneer.o(.emb_text) for __ARM_argv_veneer
    rtexit2.o(.ARM.Collect$$rtexit$$00000003) refers to libshutdown.o(.ARM.Collect$$libshutdown$$00000000) for __rt_lib_shutdown
    rtexit2.o(.ARM.Collect$$rtexit$$00000004) refers to sys_exit.o(.text) for _sys_exit
    rtexit2.o(.ARM.exidx) refers to rtexit2.o(.ARM.Collect$$rtexit$$00000001) for .ARM.Collect$$rtexit$$00000001
    rtexit2.o(.ARM.exidx) refers to rtexit2.o(.ARM.Collect$$rtexit$$00000003) for .ARM.Collect$$rtexit$$00000003
    rtexit2.o(.ARM.exidx) refers to rtexit2.o(.ARM.Collect$$rtexit$$00000004) for .ARM.Collect$$rtexit$$00000004
    argv_veneer.o(.emb_text) refers to no_argv.o(.text) for __ARM_get_argv
    sys_exit.o(.text) refers (Special) to use_no_semi.o(.text) for __I$use$semihosting
    sys_exit.o(.text) refers (Special) to indicate_semi.o(.text) for __semihosting_library_function
    sys_exit_hlt.o(.text) refers (Special) to use_no_semi.o(.text) for __I$use$semihosting
    sys_exit_hlt.o(.text) refers (Special) to indicate_semi.o(.text) for __semihosting_library_function
    _get_argv_nomalloc.o(.text) refers (Special) to hrguard.o(.text) for __heap_region$guard
    _get_argv_nomalloc.o(.text) refers to defsig_rtmem_outer.o(.text) for __rt_SIGRTMEM
    _get_argv_nomalloc.o(.text) refers to sys_command.o(.text) for _sys_command_string
    libshutdown.o(.ARM.Collect$$libshutdown$$00000000) refers (Special) to libshutdown2.o(.ARM.Collect$$libshutdown$$00000002) for __rt_lib_shutdown_cpp_1
    libshutdown.o(.ARM.Collect$$libshutdown$$00000000) refers (Special) to libshutdown2.o(.ARM.Collect$$libshutdown$$00000007) for __rt_lib_shutdown_fp_trap_1
    libshutdown.o(.ARM.Collect$$libshutdown$$00000000) refers (Special) to libshutdown2.o(.ARM.Collect$$libshutdown$$0000000F) for __rt_lib_shutdown_heap_1
    libshutdown.o(.ARM.Collect$$libshutdown$$00000000) refers (Special) to libshutdown2.o(.ARM.Collect$$libshutdown$$00000010) for __rt_lib_shutdown_return
    libshutdown.o(.ARM.Collect$$libshutdown$$00000000) refers (Special) to libshutdown2.o(.ARM.Collect$$libshutdown$$0000000A) for __rt_lib_shutdown_signal_1
    libshutdown.o(.ARM.Collect$$libshutdown$$00000000) refers (Special) to libshutdown2.o(.ARM.Collect$$libshutdown$$00000004) for __rt_lib_shutdown_stdio_1
    libshutdown.o(.ARM.Collect$$libshutdown$$00000000) refers (Special) to libshutdown2.o(.ARM.Collect$$libshutdown$$0000000C) for __rt_lib_shutdown_user_alloc_1
    sys_command.o(.text) refers (Special) to use_no_semi.o(.text) for __I$use$semihosting
    sys_command.o(.text) refers (Special) to indicate_semi.o(.text) for __semihosting_library_function
    sys_command_hlt.o(.text) refers (Special) to use_no_semi.o(.text) for __I$use$semihosting
    sys_command_hlt.o(.text) refers (Special) to indicate_semi.o(.text) for __semihosting_library_function
    defsig_rtmem_outer.o(.text) refers to defsig_rtmem_inner.o(.text) for __rt_SIGRTMEM_inner
    defsig_rtmem_outer.o(.text) refers to defsig_exit.o(.text) for __sig_exit
    defsig_rtmem_formal.o(.text) refers to rt_raise.o(.text) for __rt_raise
    rt_raise.o(.text) refers to __raise.o(.text) for __raise
    rt_raise.o(.text) refers to sys_exit.o(.text) for _sys_exit
    defsig_exit.o(.text) refers to sys_exit.o(.text) for _sys_exit
    defsig_rtmem_inner.o(.text) refers to defsig_general.o(.text) for __default_signal_display
    __raise.o(.text) refers to defsig.o(CL$$defsig) for __default_signal_handler
    defsig_general.o(.text) refers to sys_wrch.o(.text) for _ttywrch
    sys_wrch.o(.text) refers (Special) to use_no_semi.o(.text) for __I$use$semihosting
    sys_wrch.o(.text) refers (Special) to indicate_semi.o(.text) for __semihosting_library_function
    sys_wrch_hlt.o(.text) refers (Special) to use_no_semi.o(.text) for __I$use$semihosting
    sys_wrch_hlt.o(.text) refers (Special) to indicate_semi.o(.text) for __semihosting_library_function
    defsig.o(CL$$defsig) refers to defsig_rtmem_inner.o(.text) for __rt_SIGRTMEM_inner
    defsig_abrt_inner.o(.text) refers to defsig_general.o(.text) for __default_signal_display
    defsig_fpe_inner.o(.text) refers to defsig_general.o(.text) for __default_signal_display
    defsig_rtred_inner.o(.text) refers to defsig_general.o(.text) for __default_signal_display
    defsig_stak_inner.o(.text) refers to defsig_general.o(.text) for __default_signal_display
    defsig_pvfn_inner.o(.text) refers to defsig_general.o(.text) for __default_signal_display
    defsig_cppl_inner.o(.text) refers to defsig_general.o(.text) for __default_signal_display
    defsig_segv_inner.o(.text) refers to defsig_general.o(.text) for __default_signal_display
    defsig_other.o(.text) refers to defsig_general.o(.text) for __default_signal_display


==============================================================================

Removing Unused input sections from the image.

    Removing timer0.o(.text), (0 bytes).
    Removing timer0.o(.text.Timer0_Init), (136 bytes).
    Removing timer0.o(.ARM.exidx.text.Timer0_Init), (8 bytes).
    Removing random.o(DATA), (4 bytes).
    Removing random.o(.text), (60 bytes).
    Removing timer1.o(.text), (0 bytes).
    Removing timer1.o(.ARM.exidx.text.Timer1_Init), (8 bytes).
    Removing spaceinvaders.o(.text), (0 bytes).
    Removing spaceinvaders.o(.ARM.exidx.text.Button_Init), (8 bytes).
    Removing spaceinvaders.o(.ARM.exidx.text.direction), (8 bytes).
    Removing spaceinvaders.o(.ARM.exidx.text.check_collision), (8 bytes).
    Removing spaceinvaders.o(.ARM.exidx.text.applymove), (8 bytes).
    Removing spaceinvaders.o(.ARM.exidx.text.check_collision_wheel_handle), (8 bytes).
    Removing spaceinvaders.o(.ARM.exidx.text.update_character), (8 bytes).
    Removing spaceinvaders.o(.ARM.exidx.text.check_TA_DrY_collide), (8 bytes).
    Removing spaceinvaders.o(.ARM.exidx.text.Timer1A_Handler), (8 bytes).
    Removing spaceinvaders.o(.ARM.exidx.text.delay), (8 bytes).
    Removing spaceinvaders.o(.ARM.exidx.text.main), (8 bytes).
    Removing spaceinvaders.o(.rodata.SmallEnemy10pointA), (320 bytes).
    Removing spaceinvaders.o(.rodata.SmallEnemy10pointB), (320 bytes).
    Removing spaceinvaders.o(.rodata.SmallEnemy20pointA), (320 bytes).
    Removing spaceinvaders.o(.rodata.SmallEnemy20pointB), (320 bytes).
    Removing spaceinvaders.o(.rodata.SmallEnemy30pointA), (320 bytes).
    Removing spaceinvaders.o(.rodata.SmallEnemy30pointB), (320 bytes).
    Removing spaceinvaders.o(.rodata.PlayerShip0), (288 bytes).
    Removing spaceinvaders.o(.rodata.PlayerShip1), (288 bytes).
    Removing spaceinvaders.o(.rodata.PlayerShip2), (288 bytes).
    Removing spaceinvaders.o(.rodata.PlayerShip3), (288 bytes).
    Removing spaceinvaders.o(.rodata.Bunker0), (180 bytes).
    Removing spaceinvaders.o(.data.prev), (4 bytes).
    Removing spaceinvaders.o(.ARM.use_no_argv), (4 bytes).
    Removing texas.o(.text), (0 bytes).
    Removing texas.o(.ARM.exidx.text.Scope), (8 bytes).
    Removing texas.o(.ARM.exidx.text.LogicAnalyzerA), (8 bytes).
    Removing texas.o(.ARM.exidx.text.LogicAnalyzerB), (8 bytes).
    Removing texas.o(.ARM.exidx.text.LogicAnalyzerC), (8 bytes).
    Removing texas.o(.ARM.exidx.text.LogicAnalyzerE), (8 bytes).
    Removing texas.o(.ARM.exidx.text.LogicAnalyzerF), (8 bytes).
    Removing texas.o(.ARM.exidx.text.PeriodicTask2_Init), (8 bytes).
    Removing texas.o(.ARM.exidx.text.Timer5A_Handler), (8 bytes).
    Removing texas.o(.text.PeriodicTask2_Stop), (48 bytes).
    Removing texas.o(.ARM.exidx.text.PeriodicTask2_Stop), (8 bytes).
    Removing texas.o(.ARM.exidx.text.UART0_Init), (8 bytes).
    Removing texas.o(.text.UART0_InChar), (36 bytes).
    Removing texas.o(.ARM.exidx.text.UART0_InChar), (8 bytes).
    Removing texas.o(.text.UART0_OutChar), (46 bytes).
    Removing texas.o(.ARM.exidx.text.UART0_OutChar), (8 bytes).
    Removing texas.o(.text.UART0_OutString), (36 bytes).
    Removing texas.o(.ARM.exidx.text.UART0_OutString), (8 bytes).
    Removing texas.o(.ARM.exidx.text.ADC1_Init), (8 bytes).
    Removing texas.o(.ARM.exidx.text.TExaS_Init), (8 bytes).
    Removing texas.o(.text.TExaS_Stop), (8 bytes).
    Removing texas.o(.ARM.exidx.text.TExaS_Stop), (8 bytes).
    Removing adc.o(.text), (0 bytes).
    Removing adc.o(.ARM.exidx.text.ADC_Init), (8 bytes).
    Removing adc.o(.ARM.exidx.text.ADC_In), (8 bytes).
    Removing dac.o(.text), (0 bytes).
    Removing dac.o(.ARM.exidx.text.DAC_Init), (8 bytes).
    Removing dac.o(.ARM.exidx.text.DAC_Out), (8 bytes).
    Removing pll.o(.text), (0 bytes).
    Removing pll.o(.ARM.exidx.text.PLL_Init), (8 bytes).
    Removing st7735.o(.text), (0 bytes).
    Removing st7735.o(.ARM.exidx.text.writecommand), (8 bytes).
    Removing st7735.o(.ARM.exidx.text.writedata), (8 bytes).
    Removing st7735.o(.ARM.exidx.text.Delay1ms), (8 bytes).
    Removing st7735.o(.text.ST7735_InitB), (50 bytes).
    Removing st7735.o(.ARM.exidx.text.ST7735_InitB), (8 bytes).
    Removing st7735.o(.ARM.exidx.text.commonInit), (8 bytes).
    Removing st7735.o(.ARM.exidx.text.ST7735_SetCursor), (8 bytes).
    Removing st7735.o(.ARM.exidx.text.ST7735_FillScreen), (8 bytes).
    Removing st7735.o(.ARM.exidx.text.ST7735_InitR), (8 bytes).
    Removing st7735.o(.ARM.exidx.text.commandList), (8 bytes).
    Removing st7735.o(.ARM.exidx.text.ST7735_DrawPixel), (8 bytes).
    Removing st7735.o(.ARM.exidx.text.setAddrWindow), (8 bytes).
    Removing st7735.o(.ARM.exidx.text.pushColor), (8 bytes).
    Removing st7735.o(.text.ST7735_DrawFastVLine), (198 bytes).
    Removing st7735.o(.ARM.exidx.text.ST7735_DrawFastVLine), (8 bytes).
    Removing st7735.o(.text.ST7735_DrawFastHLine), (198 bytes).
    Removing st7735.o(.ARM.exidx.text.ST7735_DrawFastHLine), (8 bytes).
    Removing st7735.o(.ARM.exidx.text.ST7735_FillRect), (8 bytes).
    Removing st7735.o(.text.ST7735_DrawSmallCircle), (218 bytes).
    Removing st7735.o(.ARM.exidx.text.ST7735_DrawSmallCircle), (8 bytes).
    Removing st7735.o(.text.deselect), (36 bytes).
    Removing st7735.o(.ARM.exidx.text.deselect), (8 bytes).
    Removing st7735.o(.text.ST7735_DrawCircle), (218 bytes).
    Removing st7735.o(.ARM.exidx.text.ST7735_DrawCircle), (8 bytes).
    Removing st7735.o(.text.ST7735_Color565), (48 bytes).
    Removing st7735.o(.ARM.exidx.text.ST7735_Color565), (8 bytes).
    Removing st7735.o(.text.ST7735_SwapColor), (28 bytes).
    Removing st7735.o(.ARM.exidx.text.ST7735_SwapColor), (8 bytes).
    Removing st7735.o(.ARM.exidx.text.ST7735_DrawBitmap), (8 bytes).
    Removing st7735.o(.ARM.exidx.text.ST7735_DrawCharS), (8 bytes).
    Removing st7735.o(.text.ST7735_DrawChar), (428 bytes).
    Removing st7735.o(.ARM.exidx.text.ST7735_DrawChar), (8 bytes).
    Removing st7735.o(.ARM.exidx.text.ST7735_DrawString), (8 bytes).
    Removing st7735.o(.text.ST7735_OutUDec), (184 bytes).
    Removing st7735.o(.ARM.exidx.text.ST7735_OutUDec), (8 bytes).
    Removing st7735.o(.text.ST7735_OutFix), (184 bytes).
    Removing st7735.o(.ARM.exidx.text.ST7735_OutFix), (8 bytes).
    Removing st7735.o(.text.ST7735_SetRotation), (290 bytes).
    Removing st7735.o(.ARM.exidx.text.ST7735_SetRotation), (8 bytes).
    Removing st7735.o(.text.ST7735_InvertDisplay), (32 bytes).
    Removing st7735.o(.ARM.exidx.text.ST7735_InvertDisplay), (8 bytes).
    Removing st7735.o(.text.ST7735_PlotClear), (144 bytes).
    Removing st7735.o(.ARM.exidx.text.ST7735_PlotClear), (8 bytes).
    Removing st7735.o(.text.ST7735_PlotPoint), (222 bytes).
    Removing st7735.o(.ARM.exidx.text.ST7735_PlotPoint), (8 bytes).
    Removing st7735.o(.text.ST7735_PlotLine), (462 bytes).
    Removing st7735.o(.ARM.exidx.text.ST7735_PlotLine), (8 bytes).
    Removing st7735.o(.text.ST7735_PlotPoints), (314 bytes).
    Removing st7735.o(.ARM.exidx.text.ST7735_PlotPoints), (8 bytes).
    Removing st7735.o(.text.ST7735_PlotBar), (138 bytes).
    Removing st7735.o(.ARM.exidx.text.ST7735_PlotBar), (8 bytes).
    Removing st7735.o(.text.ST7735_PlotdBfs), (96 bytes).
    Removing st7735.o(.ARM.exidx.text.ST7735_PlotdBfs), (8 bytes).
    Removing st7735.o(.text.ST7735_PlotNext), (48 bytes).
    Removing st7735.o(.ARM.exidx.text.ST7735_PlotNext), (8 bytes).
    Removing st7735.o(.text.ST7735_PlotNextErase), (90 bytes).
    Removing st7735.o(.ARM.exidx.text.ST7735_PlotNextErase), (8 bytes).
    Removing st7735.o(.ARM.exidx.text.ST7735_OutChar), (8 bytes).
    Removing st7735.o(.ARM.exidx.text.ST7735_OutString), (8 bytes).
    Removing st7735.o(.text.ST7735_SetTextColor), (24 bytes).
    Removing st7735.o(.ARM.exidx.text.ST7735_SetTextColor), (8 bytes).
    Removing st7735.o(.text.fputc), (22 bytes).
    Removing st7735.o(.ARM.exidx.text.fputc), (8 bytes).
    Removing st7735.o(.text.fgetc), (10 bytes).
    Removing st7735.o(.ARM.exidx.text.fgetc), (8 bytes).
    Removing st7735.o(.text.ferror), (12 bytes).
    Removing st7735.o(.ARM.exidx.text.ferror), (8 bytes).
    Removing st7735.o(.ARM.exidx.text.Output_Init), (8 bytes).
    Removing st7735.o(.text.Output_Clear), (10 bytes).
    Removing st7735.o(.ARM.exidx.text.Output_Clear), (8 bytes).
    Removing st7735.o(.text.Output_Off), (8 bytes).
    Removing st7735.o(.ARM.exidx.text.Output_Off), (8 bytes).
    Removing st7735.o(.text.Output_On), (8 bytes).
    Removing st7735.o(.ARM.exidx.text.Output_On), (8 bytes).
    Removing st7735.o(.text.Output_Color), (18 bytes).
    Removing st7735.o(.ARM.exidx.text.Output_Color), (8 bytes).
    Removing st7735.o(.rodata.Bcmd), (103 bytes).
    Removing st7735.o(.rodata.smallCircle), (36 bytes).
    Removing st7735.o(.rodata.circle), (60 bytes).
    Removing st7735.o(.bss.Message), (12 bytes).
    Removing st7735.o(.bss.Rotation), (1 bytes).
    Removing st7735.o(.bss.Ymax), (4 bytes).
    Removing st7735.o(.bss.Ymin), (4 bytes).
    Removing st7735.o(.bss.Yrange), (4 bytes).
    Removing st7735.o(.bss.X), (4 bytes).
    Removing st7735.o(.bss.lastj), (4 bytes).
    Removing st7735.o(.rodata.dBfs), (512 bytes).
    Removing st7735.o(.bss.Messageindex), (4 bytes).
    Removing stringconversion.o(.text), (456 bytes).
    Removing wave.o(.text), (0 bytes).
    Removing wave.o(.ARM.exidx.text.Timer2A_Init), (8 bytes).
    Removing wave.o(.ARM.exidx.text.Timer2A_Start), (8 bytes).
    Removing wave.o(.ARM.exidx.text.Wave_Stop), (8 bytes).
    Removing wave.o(.ARM.exidx.text.Wave_Init), (8 bytes).
    Removing wave.o(.ARM.exidx.text.Timer2A_Handler), (8 bytes).
    Removing wave.o(.ARM.exidx.text.Wave_Start), (8 bytes).
    Removing wave.o(.ARM.exidx.text.Wave_Shoot), (8 bytes).
    Removing wave.o(.ARM.exidx.text.Wave_Killed), (8 bytes).
    Removing wave.o(.text.Wave_Explosion), (20 bytes).
    Removing wave.o(.ARM.exidx.text.Wave_Explosion), (8 bytes).
    Removing wave.o(.text.Wave_Highpitch), (20 bytes).
    Removing wave.o(.ARM.exidx.text.Wave_Highpitch), (8 bytes).
    Removing wave.o(.rodata.explosion), (2000 bytes).
    Removing wave.o(.rodata.highpitch), (1802 bytes).
    Removing wave.o(.rodata.fastinvader1), (982 bytes).
    Removing wave.o(.rodata.fastinvader2), (1042 bytes).
    Removing wave.o(.rodata.fastinvader3), (1054 bytes).
    Removing wave.o(.rodata.fastinvader4), (1098 bytes).
    Removing array.o(.text), (0 bytes).
    Removing array.o(.rodata.dinesh), (648 bytes).

172 unused section(s) (total 17962 bytes) removed from the image.

==============================================================================

Image Symbol Table

    Local Symbols

    Symbol Name                              Value     Ov Type        Size  Object(Section)

    ../clib/angel/boardlib.s                 0x00000000   Number         0  boardinit1.o ABSOLUTE
    ../clib/angel/boardlib.s                 0x00000000   Number         0  boardinit2.o ABSOLUTE
    ../clib/angel/boardlib.s                 0x00000000   Number         0  boardinit3.o ABSOLUTE
    ../clib/angel/boardlib.s                 0x00000000   Number         0  boardshut.o ABSOLUTE
    ../clib/angel/handlers.s                 0x00000000   Number         0  __scatter_copy.o ABSOLUTE
    ../clib/angel/handlers.s                 0x00000000   Number         0  __scatter_zi.o ABSOLUTE
    ../clib/angel/kernel.s                   0x00000000   Number         0  __rtentry.o ABSOLUTE
    ../clib/angel/kernel.s                   0x00000000   Number         0  __rtentry2.o ABSOLUTE
    ../clib/angel/kernel.s                   0x00000000   Number         0  __rtentry4.o ABSOLUTE
    ../clib/angel/kernel.s                   0x00000000   Number         0  rtexit.o ABSOLUTE
    ../clib/angel/kernel.s                   0x00000000   Number         0  rtexit2.o ABSOLUTE
    ../clib/angel/rt.s                       0x00000000   Number         0  rt_raise.o ABSOLUTE
    ../clib/angel/scatter.s                  0x00000000   Number         0  __scatter.o ABSOLUTE
    ../clib/angel/startup.s                  0x00000000   Number         0  __main.o ABSOLUTE
    ../clib/angel/sys.s                      0x00000000   Number         0  sys_stackheap_outer.o ABSOLUTE
    ../clib/angel/sys.s                      0x00000000   Number         0  libspace.o ABSOLUTE
    ../clib/angel/sys.s                      0x00000000   Number         0  use_no_semi.o ABSOLUTE
    ../clib/angel/sys.s                      0x00000000   Number         0  indicate_semi.o ABSOLUTE
    ../clib/angel/sysapp.c                   0x00000000   Number         0  sys_exit.o ABSOLUTE
    ../clib/angel/sysapp.c                   0x00000000   Number         0  sys_exit_hlt.o ABSOLUTE
    ../clib/angel/sysapp.c                   0x00000000   Number         0  sys_command.o ABSOLUTE
    ../clib/angel/sysapp.c                   0x00000000   Number         0  sys_command_hlt.o ABSOLUTE
    ../clib/angel/sysapp.c                   0x00000000   Number         0  sys_wrch.o ABSOLUTE
    ../clib/angel/sysapp.c                   0x00000000   Number         0  sys_wrch_hlt.o ABSOLUTE
    ../clib/armsys.c                         0x00000000   Number         0  argv_veneer.o ABSOLUTE
    ../clib/armsys.c                         0x00000000   Number         0  argv_veneer.o ABSOLUTE
    ../clib/armsys.c                         0x00000000   Number         0  _get_argv_nomalloc.o ABSOLUTE
    ../clib/armsys.c                         0x00000000   Number         0  no_argv.o ABSOLUTE
    ../clib/heapalloc.c                      0x00000000   Number         0  hrguard.o ABSOLUTE
    ../clib/heapaux.c                        0x00000000   Number         0  heapauxi.o ABSOLUTE
    ../clib/libinit.s                        0x00000000   Number         0  libinit.o ABSOLUTE
    ../clib/libinit.s                        0x00000000   Number         0  libinit2.o ABSOLUTE
    ../clib/libinit.s                        0x00000000   Number         0  libshutdown.o ABSOLUTE
    ../clib/libinit.s                        0x00000000   Number         0  libshutdown2.o ABSOLUTE
    ../clib/signal.c                         0x00000000   Number         0  defsig_rtmem_outer.o ABSOLUTE
    ../clib/signal.c                         0x00000000   Number         0  defsig_rtmem_formal.o ABSOLUTE
    ../clib/signal.c                         0x00000000   Number         0  defsig_exit.o ABSOLUTE
    ../clib/signal.c                         0x00000000   Number         0  defsig_rtmem_inner.o ABSOLUTE
    ../clib/signal.c                         0x00000000   Number         0  __raise.o ABSOLUTE
    ../clib/signal.c                         0x00000000   Number         0  defsig_general.o ABSOLUTE
    ../clib/signal.c                         0x00000000   Number         0  defsig_abrt_inner.o ABSOLUTE
    ../clib/signal.c                         0x00000000   Number         0  defsig_fpe_inner.o ABSOLUTE
    ../clib/signal.c                         0x00000000   Number         0  defsig_rtred_inner.o ABSOLUTE
    ../clib/signal.c                         0x00000000   Number         0  defsig_stak_inner.o ABSOLUTE
    ../clib/signal.c                         0x00000000   Number         0  defsig_pvfn_inner.o ABSOLUTE
    ../clib/signal.c                         0x00000000   Number         0  defsig_cppl_inner.o ABSOLUTE
    ../clib/signal.c                         0x00000000   Number         0  defsig_segv_inner.o ABSOLUTE
    ../clib/signal.c                         0x00000000   Number         0  defsig_other.o ABSOLUTE
    ../clib/signal.s                         0x00000000   Number         0  defsig.o ABSOLUTE
    ../clib/stdlib.c                         0x00000000   Number         0  exit.o ABSOLUTE
    ../fplib/fpinit.s                        0x00000000   Number         0  fpinit.o ABSOLUTE
    ../fplib/fpinit_empty.s                  0x00000000   Number         0  fpinit_empty.o ABSOLUTE
    ..\inc\BusyWait.s                        0x00000000   Number         0  busywait.o ABSOLUTE
    ..\inc\StringConversion.s                0x00000000   Number         0  stringconversion.o ABSOLUTE
    ADC.c                                    0x00000000   Number         0  adc.o ABSOLUTE
    Array.c                                  0x00000000   Number         0  array.o ABSOLUTE
    DAC.c                                    0x00000000   Number         0  dac.o ABSOLUTE
    PLL.c                                    0x00000000   Number         0  pll.o ABSOLUTE
    ST7735.c                                 0x00000000   Number         0  st7735.o ABSOLUTE
    SpaceInvaders.c                          0x00000000   Number         0  spaceinvaders.o ABSOLUTE
    TExaS.c                                  0x00000000   Number         0  texas.o ABSOLUTE
    Timer0.c                                 0x00000000   Number         0  timer0.o ABSOLUTE
    Timer1.c                                 0x00000000   Number         0  timer1.o ABSOLUTE
    dc.s                                     0x00000000   Number         0  dc.o ABSOLUTE
    random.s                                 0x00000000   Number         0  random.o ABSOLUTE
    startup.s                                0x00000000   Number         0  startup.o ABSOLUTE
    wave.c                                   0x00000000   Number         0  wave.o ABSOLUTE
    RESET                                    0x00000000   Section      644  startup.o(RESET)
    !!!main                                  0x00000284   Section        8  __main.o(!!!main)
    !!!scatter                               0x0000028c   Section       52  __scatter.o(!!!scatter)
    !!handler_copy                           0x000002c0   Section       26  __scatter_copy.o(!!handler_copy)
    !!handler_zi                             0x000002dc   Section       28  __scatter_zi.o(!!handler_zi)
    .ARM.Collect$$libinit$$00000000          0x000002f8   Section        2  libinit.o(.ARM.Collect$$libinit$$00000000)
    .ARM.Collect$$libinit$$00000002          0x000002fa   Section        0  libinit2.o(.ARM.Collect$$libinit$$00000002)
    .ARM.Collect$$libinit$$00000004          0x000002fa   Section        0  libinit2.o(.ARM.Collect$$libinit$$00000004)
    .ARM.Collect$$libinit$$00000006          0x000002fa   Section        0  libinit2.o(.ARM.Collect$$libinit$$00000006)
    .ARM.Collect$$libinit$$0000000C          0x000002fa   Section        0  libinit2.o(.ARM.Collect$$libinit$$0000000C)
    .ARM.Collect$$libinit$$0000000E          0x000002fa   Section        0  libinit2.o(.ARM.Collect$$libinit$$0000000E)
    .ARM.Collect$$libinit$$00000010          0x000002fa   Section        0  libinit2.o(.ARM.Collect$$libinit$$00000010)
    .ARM.Collect$$libinit$$00000013          0x000002fa   Section        0  libinit2.o(.ARM.Collect$$libinit$$00000013)
    .ARM.Collect$$libinit$$00000015          0x000002fa   Section        0  libinit2.o(.ARM.Collect$$libinit$$00000015)
    .ARM.Collect$$libinit$$00000017          0x000002fa   Section        0  libinit2.o(.ARM.Collect$$libinit$$00000017)
    .ARM.Collect$$libinit$$00000019          0x000002fa   Section        0  libinit2.o(.ARM.Collect$$libinit$$00000019)
    .ARM.Collect$$libinit$$0000001B          0x000002fa   Section        0  libinit2.o(.ARM.Collect$$libinit$$0000001B)
    .ARM.Collect$$libinit$$0000001D          0x000002fa   Section        0  libinit2.o(.ARM.Collect$$libinit$$0000001D)
    .ARM.Collect$$libinit$$0000001F          0x000002fa   Section        0  libinit2.o(.ARM.Collect$$libinit$$0000001F)
    .ARM.Collect$$libinit$$00000021          0x000002fa   Section        0  libinit2.o(.ARM.Collect$$libinit$$00000021)
    .ARM.Collect$$libinit$$00000023          0x000002fa   Section        0  libinit2.o(.ARM.Collect$$libinit$$00000023)
    .ARM.Collect$$libinit$$00000025          0x000002fa   Section        0  libinit2.o(.ARM.Collect$$libinit$$00000025)
    .ARM.Collect$$libinit$$00000027          0x000002fa   Section        0  libinit2.o(.ARM.Collect$$libinit$$00000027)
    .ARM.Collect$$libinit$$0000002E          0x000002fa   Section        0  libinit2.o(.ARM.Collect$$libinit$$0000002E)
    .ARM.Collect$$libinit$$00000030          0x000002fa   Section        0  libinit2.o(.ARM.Collect$$libinit$$00000030)
    .ARM.Collect$$libinit$$00000032          0x000002fa   Section        0  libinit2.o(.ARM.Collect$$libinit$$00000032)
    .ARM.Collect$$libinit$$00000034          0x000002fa   Section        0  libinit2.o(.ARM.Collect$$libinit$$00000034)
    .ARM.Collect$$libinit$$00000035          0x000002fa   Section        2  libinit2.o(.ARM.Collect$$libinit$$00000035)
    .ARM.Collect$$libshutdown$$00000000      0x000002fc   Section        2  libshutdown.o(.ARM.Collect$$libshutdown$$00000000)
    .ARM.Collect$$libshutdown$$00000002      0x000002fe   Section        0  libshutdown2.o(.ARM.Collect$$libshutdown$$00000002)
    .ARM.Collect$$libshutdown$$00000004      0x000002fe   Section        0  libshutdown2.o(.ARM.Collect$$libshutdown$$00000004)
    .ARM.Collect$$libshutdown$$00000007      0x000002fe   Section        0  libshutdown2.o(.ARM.Collect$$libshutdown$$00000007)
    .ARM.Collect$$libshutdown$$0000000A      0x000002fe   Section        0  libshutdown2.o(.ARM.Collect$$libshutdown$$0000000A)
    .ARM.Collect$$libshutdown$$0000000C      0x000002fe   Section        0  libshutdown2.o(.ARM.Collect$$libshutdown$$0000000C)
    .ARM.Collect$$libshutdown$$0000000F      0x000002fe   Section        0  libshutdown2.o(.ARM.Collect$$libshutdown$$0000000F)
    .ARM.Collect$$libshutdown$$00000010      0x000002fe   Section        2  libshutdown2.o(.ARM.Collect$$libshutdown$$00000010)
    .ARM.Collect$$rtentry$$00000000          0x00000300   Section        0  __rtentry.o(.ARM.Collect$$rtentry$$00000000)
    .ARM.Collect$$rtentry$$00000002          0x00000300   Section        0  __rtentry2.o(.ARM.Collect$$rtentry$$00000002)
    .ARM.Collect$$rtentry$$00000004          0x00000300   Section        6  __rtentry4.o(.ARM.Collect$$rtentry$$00000004)
    .ARM.Collect$$rtentry$$00000009          0x00000306   Section        0  __rtentry2.o(.ARM.Collect$$rtentry$$00000009)
    .ARM.Collect$$rtentry$$0000000A          0x00000306   Section        4  __rtentry2.o(.ARM.Collect$$rtentry$$0000000A)
    .ARM.Collect$$rtentry$$0000000C          0x0000030a   Section        0  __rtentry2.o(.ARM.Collect$$rtentry$$0000000C)
    .ARM.Collect$$rtentry$$0000000D          0x0000030a   Section        8  __rtentry2.o(.ARM.Collect$$rtentry$$0000000D)
    .ARM.Collect$$rtexit$$00000000           0x00000312   Section        2  rtexit.o(.ARM.Collect$$rtexit$$00000000)
    .ARM.Collect$$rtexit$$00000002           0x00000314   Section        0  rtexit2.o(.ARM.Collect$$rtexit$$00000002)
    .ARM.Collect$$rtexit$$00000003           0x00000314   Section        4  rtexit2.o(.ARM.Collect$$rtexit$$00000003)
    .ARM.Collect$$rtexit$$00000004           0x00000318   Section        6  rtexit2.o(.ARM.Collect$$rtexit$$00000004)
    .text                                    0x00000320   Section       48  startup.o(.text)
    .text                                    0x00000350   Section       64  busywait.o(.text)
    .text                                    0x00000390   Section        0  heapauxi.o(.text)
    .text                                    0x00000396   Section       74  sys_stackheap_outer.o(.text)
    .text                                    0x000003e0   Section        0  exit.o(.text)
    .text                                    0x000003f4   Section        8  libspace.o(.text)
    .text                                    0x000003fc   Section        0  sys_exit.o(.text)
    .text                                    0x00000408   Section        2  use_no_semi.o(.text)
    .text                                    0x0000040a   Section        0  indicate_semi.o(.text)
    [Anonymous Symbol]                       0x0000040c   Section        0  texas.o(.text.ADC1_Init)
    [Anonymous Symbol]                       0x00000508   Section        0  adc.o(.text.ADC_In)
    [Anonymous Symbol]                       0x00000550   Section        0  adc.o(.text.ADC_Init)
    [Anonymous Symbol]                       0x0000065c   Section        0  spaceinvaders.o(.text.Button_Init)
    [Anonymous Symbol]                       0x000006a4   Section        0  dac.o(.text.DAC_Init)
    [Anonymous Symbol]                       0x000006f0   Section        0  dac.o(.text.DAC_Out)
    [Anonymous Symbol]                       0x00000704   Section        0  st7735.o(.text.Delay1ms)
    [Anonymous Symbol]                       0x00000734   Section        0  texas.o(.text.LogicAnalyzerA)
    [Anonymous Symbol]                       0x00000750   Section        0  texas.o(.text.LogicAnalyzerB)
    [Anonymous Symbol]                       0x0000076c   Section        0  texas.o(.text.LogicAnalyzerC)
    [Anonymous Symbol]                       0x00000788   Section        0  texas.o(.text.LogicAnalyzerE)
    [Anonymous Symbol]                       0x000007a4   Section        0  texas.o(.text.LogicAnalyzerF)
    [Anonymous Symbol]                       0x000007c0   Section        0  st7735.o(.text.Output_Init)
    [Anonymous Symbol]                       0x000007d0   Section        0  pll.o(.text.PLL_Init)
    [Anonymous Symbol]                       0x0000085c   Section        0  texas.o(.text.PeriodicTask2_Init)
    [Anonymous Symbol]                       0x00000944   Section        0  st7735.o(.text.ST7735_DrawBitmap)
    [Anonymous Symbol]                       0x00000b90   Section        0  st7735.o(.text.ST7735_DrawCharS)
    [Anonymous Symbol]                       0x00000d44   Section        0  st7735.o(.text.ST7735_DrawPixel)
    [Anonymous Symbol]                       0x00000db4   Section        0  st7735.o(.text.ST7735_DrawString)
    [Anonymous Symbol]                       0x00000e50   Section        0  st7735.o(.text.ST7735_FillRect)
    [Anonymous Symbol]                       0x00000f90   Section        0  st7735.o(.text.ST7735_FillScreen)
    [Anonymous Symbol]                       0x00000fc4   Section        0  st7735.o(.text.ST7735_InitR)
    [Anonymous Symbol]                       0x0000106c   Section        0  st7735.o(.text.ST7735_OutChar)
    [Anonymous Symbol]                       0x0000117c   Section        0  st7735.o(.text.ST7735_OutString)
    [Anonymous Symbol]                       0x000011a0   Section        0  st7735.o(.text.ST7735_SetCursor)
    [Anonymous Symbol]                       0x000011d8   Section        0  texas.o(.text.Scope)
    [Anonymous Symbol]                       0x000011f0   Section        0  texas.o(.text.TExaS_Init)
    [Anonymous Symbol]                       0x00001358   Section        0  spaceinvaders.o(.text.Timer1A_Handler)
    [Anonymous Symbol]                       0x0000150c   Section        0  timer1.o(.text.Timer1_Init)
    [Anonymous Symbol]                       0x000015a4   Section        0  wave.o(.text.Timer2A_Handler)
    [Anonymous Symbol]                       0x000015f4   Section        0  wave.o(.text.Timer2A_Init)
    [Anonymous Symbol]                       0x0000167c   Section        0  wave.o(.text.Timer2A_Start)
    [Anonymous Symbol]                       0x0000168c   Section        0  texas.o(.text.Timer5A_Handler)
    [Anonymous Symbol]                       0x000016a8   Section        0  texas.o(.text.UART0_Init)
    [Anonymous Symbol]                       0x00001748   Section        0  wave.o(.text.Wave_Init)
    [Anonymous Symbol]                       0x00001760   Section        0  wave.o(.text.Wave_Killed)
    [Anonymous Symbol]                       0x00001774   Section        0  wave.o(.text.Wave_Shoot)
    [Anonymous Symbol]                       0x00001788   Section        0  wave.o(.text.Wave_Start)
    [Anonymous Symbol]                       0x000017bc   Section        0  wave.o(.text.Wave_Stop)
    [Anonymous Symbol]                       0x000017cc   Section        0  spaceinvaders.o(.text.applymove)
    [Anonymous Symbol]                       0x00001850   Section        0  spaceinvaders.o(.text.check_TA_DrY_collide)
    [Anonymous Symbol]                       0x0000196c   Section        0  spaceinvaders.o(.text.check_collision)
    [Anonymous Symbol]                       0x00001b9c   Section        0  spaceinvaders.o(.text.check_collision_wheel_handle)
    commandList                              0x00001df1   Thumb Code   170  st7735.o(.text.commandList)
    [Anonymous Symbol]                       0x00001df0   Section        0  st7735.o(.text.commandList)
    commonInit                               0x00001e9d   Thumb Code   418  st7735.o(.text.commonInit)
    [Anonymous Symbol]                       0x00001e9c   Section        0  st7735.o(.text.commonInit)
    [Anonymous Symbol]                       0x00002040   Section        0  spaceinvaders.o(.text.delay)
    [Anonymous Symbol]                       0x00002088   Section        0  spaceinvaders.o(.text.direction)
    [Anonymous Symbol]                       0x000020fc   Section        0  spaceinvaders.o(.text.main)
    pushColor                                0x00002601   Thumb Code    28  st7735.o(.text.pushColor)
    [Anonymous Symbol]                       0x00002600   Section        0  st7735.o(.text.pushColor)
    setAddrWindow                            0x0000261d   Thumb Code   148  st7735.o(.text.setAddrWindow)
    [Anonymous Symbol]                       0x0000261c   Section        0  st7735.o(.text.setAddrWindow)
    [Anonymous Symbol]                       0x000026b0   Section        0  spaceinvaders.o(.text.update_character)
    [Anonymous Symbol]                       0x000026dc   Section        0  st7735.o(.text.writecommand)
    [Anonymous Symbol]                       0x00002708   Section        0  st7735.o(.text.writedata)
    Font                                     0x000029bc   Data        1275  st7735.o(.rodata.Font)
    [Anonymous Symbol]                       0x000029bc   Section        0  st7735.o(.rodata.Font)
    Rcmd1                                    0x00002eb7   Data          59  st7735.o(.rodata.Rcmd1)
    [Anonymous Symbol]                       0x00002eb7   Section        0  st7735.o(.rodata.Rcmd1)
    Rcmd2green                               0x00002ef2   Data          13  st7735.o(.rodata.Rcmd2green)
    [Anonymous Symbol]                       0x00002ef2   Section        0  st7735.o(.rodata.Rcmd2green)
    Rcmd2red                                 0x00002eff   Data          13  st7735.o(.rodata.Rcmd2red)
    [Anonymous Symbol]                       0x00002eff   Section        0  st7735.o(.rodata.Rcmd2red)
    Rcmd3                                    0x00002f0c   Data          43  st7735.o(.rodata.Rcmd3)
    [Anonymous Symbol]                       0x00002f0c   Section        0  st7735.o(.rodata.Rcmd3)
    .L.str.1                                 0x0000f67a   Data           2  spaceinvaders.o(.rodata.str1.1)
    [Anonymous Symbol]                       0x0000f67a   Section        0  spaceinvaders.o(.rodata.str1.1)
    .L.str.17                                0x0000f67c   Data          15  spaceinvaders.o(.rodata.str1.1)
    .L.str.5                                 0x0000f68b   Data          12  spaceinvaders.o(.rodata.str1.1)
    .L.str.20                                0x0000f697   Data          17  spaceinvaders.o(.rodata.str1.1)
    .L.str.6                                 0x0000f6a8   Data           9  spaceinvaders.o(.rodata.str1.1)
    .L.str.11                                0x0000f6b1   Data          18  spaceinvaders.o(.rodata.str1.1)
    .L.str.16                                0x0000f6c3   Data          17  spaceinvaders.o(.rodata.str1.1)
    .L.str.8                                 0x0000f6d4   Data          10  spaceinvaders.o(.rodata.str1.1)
    .L.str.13                                0x0000f6de   Data          11  spaceinvaders.o(.rodata.str1.1)
    .L.str.14                                0x0000f6e9   Data          11  spaceinvaders.o(.rodata.str1.1)
    .L.str.9                                 0x0000f6f4   Data          10  spaceinvaders.o(.rodata.str1.1)
    .L.str.15                                0x0000f6fe   Data          11  spaceinvaders.o(.rodata.str1.1)
    .L.str.10                                0x0000f709   Data          10  spaceinvaders.o(.rodata.str1.1)
    .L.str.22                                0x0000f713   Data          11  spaceinvaders.o(.rodata.str1.1)
    .L.str.19                                0x0000f71e   Data          10  spaceinvaders.o(.rodata.str1.1)
    .L.str.21                                0x0000f728   Data          16  spaceinvaders.o(.rodata.str1.1)
    .L.str.18                                0x0000f738   Data          21  spaceinvaders.o(.rodata.str1.1)
    .L.str.2                                 0x0000f74d   Data          17  spaceinvaders.o(.rodata.str1.1)
    .L.str.7                                 0x0000f75e   Data          15  spaceinvaders.o(.rodata.str1.1)
    .L.str.12                                0x0000f76d   Data          14  spaceinvaders.o(.rodata.str1.1)
    .L.str                                   0x0000f77b   Data          20  spaceinvaders.o(.rodata.str1.1)
    .L.str.3                                 0x0000f78f   Data          15  spaceinvaders.o(.rodata.str1.1)
    .L.str.4                                 0x0000f79e   Data          16  spaceinvaders.o(.rodata.str1.1)
    .L.str                                   0x0000f7ae   Data          22  st7735.o(.rodata.str1.1)
    [Anonymous Symbol]                       0x0000f7ae   Section        0  st7735.o(.rodata.str1.1)
    _height                                  0x20000002   Data           2  st7735.o(.data._height)
    [Anonymous Symbol]                       0x20000002   Section        0  st7735.o(.data._height)
    _width                                   0x20000004   Data           2  st7735.o(.data._width)
    [Anonymous Symbol]                       0x20000004   Section        0  st7735.o(.data._width)
    .bss                                     0x20000020   Section       96  libspace.o(.bss)
    ColStart                                 0x20000080   Data           1  st7735.o(.bss.ColStart)
    [Anonymous Symbol]                       0x20000080   Section        0  st7735.o(.bss.ColStart)
    RowStart                                 0x20000088   Data           1  st7735.o(.bss.RowStart)
    [Anonymous Symbol]                       0x20000088   Section        0  st7735.o(.bss.RowStart)
    TabColor                                 0x20000094   Data           1  st7735.o(.bss.TabColor)
    [Anonymous Symbol]                       0x20000094   Section        0  st7735.o(.bss.TabColor)
    HeapMem                                  0x200000a8   Data           0  startup.o(HEAP)
    StackMem                                 0x200000a8   Data           0  startup.o(STACK)
    HEAP                                     0x200000a8   Section        0  startup.o(HEAP)
    STACK                                    0x200000a8   Section     1024  startup.o(STACK)

    Global Symbols

    Symbol Name                              Value     Ov Type        Size  Object(Section)

    BuildAttributes$$THM_ISAv4$E$P$D$K$B$S$7EM$PE$A:L22UL41UL21$X:L11$S22US41US21$IEEE1$IW$~IW$USESV6$~STKCKD$USESV7$~SHL$OSPACE$ROPI$EBA8$UX$STANDARDLIB$REQ8$PRES8$EABIv2 0x00000000   Number         0  anon$$obj.o ABSOLUTE
    __Vectors                                0x00000000   Data           0  startup.o(RESET)
    __fp_init_empty                          0x00000000   Number         0  fpinit_empty.o ABSOLUTE
    __ARM_exceptions_init                     - Undefined Weak Reference
    __alloca_initialize                       - Undefined Weak Reference
    __arm_preinit_                            - Undefined Weak Reference
    __arm_relocate_pie_                       - Undefined Weak Reference
    __cpp_initialize__aeabi_                  - Undefined Weak Reference
    __cxa_finalize                            - Undefined Weak Reference
    __rt_locale                               - Undefined Weak Reference
    __sigvec_lookup                           - Undefined Weak Reference
    _atexit_init                              - Undefined Weak Reference
    _call_atexit_fns                          - Undefined Weak Reference
    _clock_init                               - Undefined Weak Reference
    _fp_trap_init                             - Undefined Weak Reference
    _fp_trap_shutdown                         - Undefined Weak Reference
    _get_lc_collate                           - Undefined Weak Reference
    _get_lc_ctype                             - Undefined Weak Reference
    _get_lc_monetary                          - Undefined Weak Reference
    _get_lc_numeric                           - Undefined Weak Reference
    _get_lc_time                              - Undefined Weak Reference
    _getenv_init                              - Undefined Weak Reference
    _handle_redirection                       - Undefined Weak Reference
    _init_alloc                               - Undefined Weak Reference
    _init_user_alloc                          - Undefined Weak Reference
    _initio                                   - Undefined Weak Reference
    _rand_init                                - Undefined Weak Reference
    _signal_finish                            - Undefined Weak Reference
    _signal_init                              - Undefined Weak Reference
    _terminate_alloc                          - Undefined Weak Reference
    _terminate_user_alloc                     - Undefined Weak Reference
    _terminateio                              - Undefined Weak Reference
    Reset_Handler                            0x0000026d   Thumb Code     0  startup.o(RESET)
    NMI_Handler                              0x00000271   Thumb Code     2  startup.o(RESET)
    HardFault_Handler                        0x00000273   Thumb Code     2  startup.o(RESET)
    MemManage_Handler                        0x00000275   Thumb Code     2  startup.o(RESET)
    BusFault_Handler                         0x00000277   Thumb Code     2  startup.o(RESET)
    UsageFault_Handler                       0x00000279   Thumb Code     2  startup.o(RESET)
    SVC_Handler                              0x0000027b   Thumb Code     2  startup.o(RESET)
    DebugMon_Handler                         0x0000027d   Thumb Code     2  startup.o(RESET)
    PendSV_Handler                           0x0000027f   Thumb Code     2  startup.o(RESET)
    SysTick_Handler                          0x00000281   Thumb Code     2  startup.o(RESET)
    ADC0Seq0_Handler                         0x00000283   Thumb Code     0  startup.o(RESET)
    ADC0Seq1_Handler                         0x00000283   Thumb Code     0  startup.o(RESET)
    ADC0Seq2_Handler                         0x00000283   Thumb Code     0  startup.o(RESET)
    ADC0Seq3_Handler                         0x00000283   Thumb Code     0  startup.o(RESET)
    ADC1Seq0_Handler                         0x00000283   Thumb Code     0  startup.o(RESET)
    ADC1Seq1_Handler                         0x00000283   Thumb Code     0  startup.o(RESET)
    ADC1Seq2_Handler                         0x00000283   Thumb Code     0  startup.o(RESET)
    ADC1Seq3_Handler                         0x00000283   Thumb Code     0  startup.o(RESET)
    CAN0_Handler                             0x00000283   Thumb Code     0  startup.o(RESET)
    CAN1_Handler                             0x00000283   Thumb Code     0  startup.o(RESET)
    CAN2_Handler                             0x00000283   Thumb Code     0  startup.o(RESET)
    Comp0_Handler                            0x00000283   Thumb Code     0  startup.o(RESET)
    Comp1_Handler                            0x00000283   Thumb Code     0  startup.o(RESET)
    Comp2_Handler                            0x00000283   Thumb Code     0  startup.o(RESET)
    Ethernet_Handler                         0x00000283   Thumb Code     0  startup.o(RESET)
    ExtBus_Handler                           0x00000283   Thumb Code     0  startup.o(RESET)
    FPU_Handler                              0x00000283   Thumb Code     0  startup.o(RESET)
    Fan0_Handler                             0x00000283   Thumb Code     0  startup.o(RESET)
    FlashCtl_Handler                         0x00000283   Thumb Code     0  startup.o(RESET)
    GPIOPortA_Handler                        0x00000283   Thumb Code     0  startup.o(RESET)
    GPIOPortB_Handler                        0x00000283   Thumb Code     0  startup.o(RESET)
    GPIOPortC_Handler                        0x00000283   Thumb Code     0  startup.o(RESET)
    GPIOPortD_Handler                        0x00000283   Thumb Code     0  startup.o(RESET)
    GPIOPortE_Handler                        0x00000283   Thumb Code     0  startup.o(RESET)
    GPIOPortF_Handler                        0x00000283   Thumb Code     0  startup.o(RESET)
    GPIOPortG_Handler                        0x00000283   Thumb Code     0  startup.o(RESET)
    GPIOPortH_Handler                        0x00000283   Thumb Code     0  startup.o(RESET)
    GPIOPortJ_Handler                        0x00000283   Thumb Code     0  startup.o(RESET)
    GPIOPortK_Handler                        0x00000283   Thumb Code     0  startup.o(RESET)
    GPIOPortL_Handler                        0x00000283   Thumb Code     0  startup.o(RESET)
    GPIOPortM_Handler                        0x00000283   Thumb Code     0  startup.o(RESET)
    GPIOPortN_Handler                        0x00000283   Thumb Code     0  startup.o(RESET)
    GPIOPortP1_Handler                       0x00000283   Thumb Code     0  startup.o(RESET)
    GPIOPortP2_Handler                       0x00000283   Thumb Code     0  startup.o(RESET)
    GPIOPortP3_Handler                       0x00000283   Thumb Code     0  startup.o(RESET)
    GPIOPortP4_Handler                       0x00000283   Thumb Code     0  startup.o(RESET)
    GPIOPortP5_Handler                       0x00000283   Thumb Code     0  startup.o(RESET)
    GPIOPortP6_Handler                       0x00000283   Thumb Code     0  startup.o(RESET)
    GPIOPortP7_Handler                       0x00000283   Thumb Code     0  startup.o(RESET)
    GPIOPortP_Handler                        0x00000283   Thumb Code     0  startup.o(RESET)
    GPIOPortQ1_Handler                       0x00000283   Thumb Code     0  startup.o(RESET)
    GPIOPortQ2_Handler                       0x00000283   Thumb Code     0  startup.o(RESET)
    GPIOPortQ3_Handler                       0x00000283   Thumb Code     0  startup.o(RESET)
    GPIOPortQ4_Handler                       0x00000283   Thumb Code     0  startup.o(RESET)
    GPIOPortQ5_Handler                       0x00000283   Thumb Code     0  startup.o(RESET)
    GPIOPortQ6_Handler                       0x00000283   Thumb Code     0  startup.o(RESET)
    GPIOPortQ7_Handler                       0x00000283   Thumb Code     0  startup.o(RESET)
    GPIOPortQ_Handler                        0x00000283   Thumb Code     0  startup.o(RESET)
    GPIOPortR_Handler                        0x00000283   Thumb Code     0  startup.o(RESET)
    GPIOPortS_Handler                        0x00000283   Thumb Code     0  startup.o(RESET)
    Hibernate_Handler                        0x00000283   Thumb Code     0  startup.o(RESET)
    I2C0_Handler                             0x00000283   Thumb Code     0  startup.o(RESET)
    I2C1_Handler                             0x00000283   Thumb Code     0  startup.o(RESET)
    I2C2_Handler                             0x00000283   Thumb Code     0  startup.o(RESET)
    I2C3_Handler                             0x00000283   Thumb Code     0  startup.o(RESET)
    I2C4_Handler                             0x00000283   Thumb Code     0  startup.o(RESET)
    I2C5_Handler                             0x00000283   Thumb Code     0  startup.o(RESET)
    I2S0_Handler                             0x00000283   Thumb Code     0  startup.o(RESET)
    LPC0_Handler                             0x00000283   Thumb Code     0  startup.o(RESET)
    PECI0_Handler                            0x00000283   Thumb Code     0  startup.o(RESET)
    PWM0Fault_Handler                        0x00000283   Thumb Code     0  startup.o(RESET)
    PWM0Generator0_Handler                   0x00000283   Thumb Code     0  startup.o(RESET)
    PWM0Generator1_Handler                   0x00000283   Thumb Code     0  startup.o(RESET)
    PWM0Generator2_Handler                   0x00000283   Thumb Code     0  startup.o(RESET)
    PWM0Generator3_Handler                   0x00000283   Thumb Code     0  startup.o(RESET)
    PWM1Fault_Handler                        0x00000283   Thumb Code     0  startup.o(RESET)
    PWM1Generator0_Handler                   0x00000283   Thumb Code     0  startup.o(RESET)
    PWM1Generator1_Handler                   0x00000283   Thumb Code     0  startup.o(RESET)
    PWM1Generator2_Handler                   0x00000283   Thumb Code     0  startup.o(RESET)
    PWM1Generator3_Handler                   0x00000283   Thumb Code     0  startup.o(RESET)
    Quadrature0_Handler                      0x00000283   Thumb Code     0  startup.o(RESET)
    Quadrature1_Handler                      0x00000283   Thumb Code     0  startup.o(RESET)
    Quadrature2_Handler                      0x00000283   Thumb Code     0  startup.o(RESET)
    SSI0_Handler                             0x00000283   Thumb Code     0  startup.o(RESET)
    SSI1_Handler                             0x00000283   Thumb Code     0  startup.o(RESET)
    SSI2_Handler                             0x00000283   Thumb Code     0  startup.o(RESET)
    SSI3_Handler                             0x00000283   Thumb Code     0  startup.o(RESET)
    SysCtl_Handler                           0x00000283   Thumb Code     0  startup.o(RESET)
    Timer0A_Handler                          0x00000283   Thumb Code     0  startup.o(RESET)
    Timer0B_Handler                          0x00000283   Thumb Code     0  startup.o(RESET)
    Timer1B_Handler                          0x00000283   Thumb Code     0  startup.o(RESET)
    Timer2B_Handler                          0x00000283   Thumb Code     0  startup.o(RESET)
    Timer3A_Handler                          0x00000283   Thumb Code     0  startup.o(RESET)
    Timer3B_Handler                          0x00000283   Thumb Code     0  startup.o(RESET)
    Timer4A_Handler                          0x00000283   Thumb Code     0  startup.o(RESET)
    Timer4B_Handler                          0x00000283   Thumb Code     0  startup.o(RESET)
    Timer5B_Handler                          0x00000283   Thumb Code     0  startup.o(RESET)
    UART0_Handler                            0x00000283   Thumb Code     0  startup.o(RESET)
    UART1_Handler                            0x00000283   Thumb Code     0  startup.o(RESET)
    UART2_Handler                            0x00000283   Thumb Code     0  startup.o(RESET)
    UART3_Handler                            0x00000283   Thumb Code     0  startup.o(RESET)
    UART4_Handler                            0x00000283   Thumb Code     0  startup.o(RESET)
    UART5_Handler                            0x00000283   Thumb Code     0  startup.o(RESET)
    UART6_Handler                            0x00000283   Thumb Code     0  startup.o(RESET)
    UART7_Handler                            0x00000283   Thumb Code     0  startup.o(RESET)
    USB0_Handler                             0x00000283   Thumb Code     0  startup.o(RESET)
    WDT_Handler                              0x00000283   Thumb Code     0  startup.o(RESET)
    WideTimer0A_Handler                      0x00000283   Thumb Code     0  startup.o(RESET)
    WideTimer0B_Handler                      0x00000283   Thumb Code     0  startup.o(RESET)
    WideTimer1A_Handler                      0x00000283   Thumb Code     0  startup.o(RESET)
    WideTimer1B_Handler                      0x00000283   Thumb Code     0  startup.o(RESET)
    WideTimer2A_Handler                      0x00000283   Thumb Code     0  startup.o(RESET)
    WideTimer2B_Handler                      0x00000283   Thumb Code     0  startup.o(RESET)
    WideTimer3A_Handler                      0x00000283   Thumb Code     0  startup.o(RESET)
    WideTimer3B_Handler                      0x00000283   Thumb Code     0  startup.o(RESET)
    WideTimer4A_Handler                      0x00000283   Thumb Code     0  startup.o(RESET)
    WideTimer4B_Handler                      0x00000283   Thumb Code     0  startup.o(RESET)
    WideTimer5A_Handler                      0x00000283   Thumb Code     0  startup.o(RESET)
    WideTimer5B_Handler                      0x00000283   Thumb Code     0  startup.o(RESET)
    uDMA_Error                               0x00000283   Thumb Code     0  startup.o(RESET)
    uDMA_Handler                             0x00000283   Thumb Code     0  startup.o(RESET)
    __main                                   0x00000285   Thumb Code     8  __main.o(!!!main)
    __scatterload                            0x0000028d   Thumb Code     0  __scatter.o(!!!scatter)
    __scatterload_rt2                        0x0000028d   Thumb Code    44  __scatter.o(!!!scatter)
    __scatterload_rt2_thumb_only             0x0000028d   Thumb Code     0  __scatter.o(!!!scatter)
    __scatterload_null                       0x0000029b   Thumb Code     0  __scatter.o(!!!scatter)
    __scatterload_copy                       0x000002c1   Thumb Code    26  __scatter_copy.o(!!handler_copy)
    __scatterload_zeroinit                   0x000002dd   Thumb Code    28  __scatter_zi.o(!!handler_zi)
    __rt_lib_init                            0x000002f9   Thumb Code     0  libinit.o(.ARM.Collect$$libinit$$00000000)
    __rt_lib_init_alloca_1                   0x000002fb   Thumb Code     0  libinit2.o(.ARM.Collect$$libinit$$00000030)
    __rt_lib_init_argv_1                     0x000002fb   Thumb Code     0  libinit2.o(.ARM.Collect$$libinit$$0000002E)
    __rt_lib_init_atexit_1                   0x000002fb   Thumb Code     0  libinit2.o(.ARM.Collect$$libinit$$0000001D)
    __rt_lib_init_clock_1                    0x000002fb   Thumb Code     0  libinit2.o(.ARM.Collect$$libinit$$00000023)
    __rt_lib_init_cpp_1                      0x000002fb   Thumb Code     0  libinit2.o(.ARM.Collect$$libinit$$00000034)
    __rt_lib_init_exceptions_1               0x000002fb   Thumb Code     0  libinit2.o(.ARM.Collect$$libinit$$00000032)
    __rt_lib_init_fp_1                       0x000002fb   Thumb Code     0  libinit2.o(.ARM.Collect$$libinit$$00000002)
    __rt_lib_init_fp_trap_1                  0x000002fb   Thumb Code     0  libinit2.o(.ARM.Collect$$libinit$$00000021)
    __rt_lib_init_getenv_1                   0x000002fb   Thumb Code     0  libinit2.o(.ARM.Collect$$libinit$$00000025)
    __rt_lib_init_heap_1                     0x000002fb   Thumb Code     0  libinit2.o(.ARM.Collect$$libinit$$0000000C)
    __rt_lib_init_lc_collate_1               0x000002fb   Thumb Code     0  libinit2.o(.ARM.Collect$$libinit$$00000013)
    __rt_lib_init_lc_ctype_1                 0x000002fb   Thumb Code     0  libinit2.o(.ARM.Collect$$libinit$$00000015)
    __rt_lib_init_lc_monetary_1              0x000002fb   Thumb Code     0  libinit2.o(.ARM.Collect$$libinit$$00000017)
    __rt_lib_init_lc_numeric_1               0x000002fb   Thumb Code     0  libinit2.o(.ARM.Collect$$libinit$$00000019)
    __rt_lib_init_lc_time_1                  0x000002fb   Thumb Code     0  libinit2.o(.ARM.Collect$$libinit$$0000001B)
    __rt_lib_init_preinit_1                  0x000002fb   Thumb Code     0  libinit2.o(.ARM.Collect$$libinit$$00000006)
    __rt_lib_init_rand_1                     0x000002fb   Thumb Code     0  libinit2.o(.ARM.Collect$$libinit$$00000010)
    __rt_lib_init_relocate_pie_1             0x000002fb   Thumb Code     0  libinit2.o(.ARM.Collect$$libinit$$00000004)
    __rt_lib_init_return                     0x000002fb   Thumb Code     0  libinit2.o(.ARM.Collect$$libinit$$00000035)
    __rt_lib_init_signal_1                   0x000002fb   Thumb Code     0  libinit2.o(.ARM.Collect$$libinit$$0000001F)
    __rt_lib_init_stdio_1                    0x000002fb   Thumb Code     0  libinit2.o(.ARM.Collect$$libinit$$00000027)
    __rt_lib_init_user_alloc_1               0x000002fb   Thumb Code     0  libinit2.o(.ARM.Collect$$libinit$$0000000E)
    __rt_lib_shutdown                        0x000002fd   Thumb Code     0  libshutdown.o(.ARM.Collect$$libshutdown$$00000000)
    __rt_lib_shutdown_cpp_1                  0x000002ff   Thumb Code     0  libshutdown2.o(.ARM.Collect$$libshutdown$$00000002)
    __rt_lib_shutdown_fp_trap_1              0x000002ff   Thumb Code     0  libshutdown2.o(.ARM.Collect$$libshutdown$$00000007)
    __rt_lib_shutdown_heap_1                 0x000002ff   Thumb Code     0  libshutdown2.o(.ARM.Collect$$libshutdown$$0000000F)
    __rt_lib_shutdown_return                 0x000002ff   Thumb Code     0  libshutdown2.o(.ARM.Collect$$libshutdown$$00000010)
    __rt_lib_shutdown_signal_1               0x000002ff   Thumb Code     0  libshutdown2.o(.ARM.Collect$$libshutdown$$0000000A)
    __rt_lib_shutdown_stdio_1                0x000002ff   Thumb Code     0  libshutdown2.o(.ARM.Collect$$libshutdown$$00000004)
    __rt_lib_shutdown_user_alloc_1           0x000002ff   Thumb Code     0  libshutdown2.o(.ARM.Collect$$libshutdown$$0000000C)
    __rt_entry                               0x00000301   Thumb Code     0  __rtentry.o(.ARM.Collect$$rtentry$$00000000)
    __rt_entry_presh_1                       0x00000301   Thumb Code     0  __rtentry2.o(.ARM.Collect$$rtentry$$00000002)
    __rt_entry_sh                            0x00000301   Thumb Code     0  __rtentry4.o(.ARM.Collect$$rtentry$$00000004)
    __rt_entry_li                            0x00000307   Thumb Code     0  __rtentry2.o(.ARM.Collect$$rtentry$$0000000A)
    __rt_entry_postsh_1                      0x00000307   Thumb Code     0  __rtentry2.o(.ARM.Collect$$rtentry$$00000009)
    __rt_entry_main                          0x0000030b   Thumb Code     0  __rtentry2.o(.ARM.Collect$$rtentry$$0000000D)
    __rt_entry_postli_1                      0x0000030b   Thumb Code     0  __rtentry2.o(.ARM.Collect$$rtentry$$0000000C)
    __rt_exit                                0x00000313   Thumb Code     0  rtexit.o(.ARM.Collect$$rtexit$$00000000)
    __rt_exit_ls                             0x00000315   Thumb Code     0  rtexit2.o(.ARM.Collect$$rtexit$$00000003)
    __rt_exit_prels_1                        0x00000315   Thumb Code     0  rtexit2.o(.ARM.Collect$$rtexit$$00000002)
    __rt_exit_exit                           0x00000319   Thumb Code     0  rtexit2.o(.ARM.Collect$$rtexit$$00000004)
    DisableInterrupts                        0x00000321   Thumb Code     0  startup.o(.text)
    EnableInterrupts                         0x00000325   Thumb Code     0  startup.o(.text)
    StartCritical                            0x00000329   Thumb Code     0  startup.o(.text)
    EndCritical                              0x00000331   Thumb Code     0  startup.o(.text)
    WaitForInterrupt                         0x00000337   Thumb Code     0  startup.o(.text)
    __user_initial_stackheap                 0x0000033b   Thumb Code     0  startup.o(.text)
    SPIOutCommand                            0x00000351   Thumb Code     0  busywait.o(.text)
    SPIOutData                               0x00000375   Thumb Code     0  busywait.o(.text)
    __use_two_region_memory                  0x00000391   Thumb Code     2  heapauxi.o(.text)
    __rt_heap_escrow$2region                 0x00000393   Thumb Code     2  heapauxi.o(.text)
    __rt_heap_expand$2region                 0x00000395   Thumb Code     2  heapauxi.o(.text)
    __user_setup_stackheap                   0x00000397   Thumb Code    74  sys_stackheap_outer.o(.text)
    exit                                     0x000003e1   Thumb Code    18  exit.o(.text)
    __user_libspace                          0x000003f5   Thumb Code     8  libspace.o(.text)
    __user_perproc_libspace                  0x000003f5   Thumb Code     0  libspace.o(.text)
    __user_perthread_libspace                0x000003f5   Thumb Code     0  libspace.o(.text)
    _sys_exit                                0x000003fd   Thumb Code     8  sys_exit.o(.text)
    __I$use$semihosting                      0x00000409   Thumb Code     0  use_no_semi.o(.text)
    __use_no_semihosting_swi                 0x00000409   Thumb Code     2  use_no_semi.o(.text)
    __semihosting_library_function           0x0000040b   Thumb Code     0  indicate_semi.o(.text)
    ADC1_Init                                0x0000040d   Thumb Code   252  texas.o(.text.ADC1_Init)
    ADC_In                                   0x00000509   Thumb Code    70  adc.o(.text.ADC_In)
    ADC_Init                                 0x00000551   Thumb Code   266  adc.o(.text.ADC_Init)
    Button_Init                              0x0000065d   Thumb Code    70  spaceinvaders.o(.text.Button_Init)
    DAC_Init                                 0x000006a5   Thumb Code    76  dac.o(.text.DAC_Init)
    DAC_Out                                  0x000006f1   Thumb Code    20  dac.o(.text.DAC_Out)
    Delay1ms                                 0x00000705   Thumb Code    46  st7735.o(.text.Delay1ms)
    LogicAnalyzerA                           0x00000735   Thumb Code    28  texas.o(.text.LogicAnalyzerA)
    LogicAnalyzerB                           0x00000751   Thumb Code    26  texas.o(.text.LogicAnalyzerB)
    LogicAnalyzerC                           0x0000076d   Thumb Code    28  texas.o(.text.LogicAnalyzerC)
    LogicAnalyzerE                           0x00000789   Thumb Code    26  texas.o(.text.LogicAnalyzerE)
    LogicAnalyzerF                           0x000007a5   Thumb Code    26  texas.o(.text.LogicAnalyzerF)
    Output_Init                              0x000007c1   Thumb Code    16  st7735.o(.text.Output_Init)
    PLL_Init                                 0x000007d1   Thumb Code   138  pll.o(.text.PLL_Init)
    PeriodicTask2_Init                       0x0000085d   Thumb Code   232  texas.o(.text.PeriodicTask2_Init)
    ST7735_DrawBitmap                        0x00000945   Thumb Code   588  st7735.o(.text.ST7735_DrawBitmap)
    ST7735_DrawCharS                         0x00000b91   Thumb Code   436  st7735.o(.text.ST7735_DrawCharS)
    ST7735_DrawPixel                         0x00000d45   Thumb Code   112  st7735.o(.text.ST7735_DrawPixel)
    ST7735_DrawString                        0x00000db5   Thumb Code   154  st7735.o(.text.ST7735_DrawString)
    ST7735_FillRect                          0x00000e51   Thumb Code   318  st7735.o(.text.ST7735_FillRect)
    ST7735_FillScreen                        0x00000f91   Thumb Code    52  st7735.o(.text.ST7735_FillScreen)
    ST7735_InitR                             0x00000fc5   Thumb Code   166  st7735.o(.text.ST7735_InitR)
    ST7735_OutChar                           0x0000106d   Thumb Code   270  st7735.o(.text.ST7735_OutChar)
    ST7735_OutString                         0x0000117d   Thumb Code    36  st7735.o(.text.ST7735_OutString)
    ST7735_SetCursor                         0x000011a1   Thumb Code    54  st7735.o(.text.ST7735_SetCursor)
    Scope                                    0x000011d9   Thumb Code    24  texas.o(.text.Scope)
    TExaS_Init                               0x000011f1   Thumb Code   360  texas.o(.text.TExaS_Init)
    Timer1A_Handler                          0x00001359   Thumb Code   434  spaceinvaders.o(.text.Timer1A_Handler)
    Timer1_Init                              0x0000150d   Thumb Code   150  timer1.o(.text.Timer1_Init)
    Timer2A_Handler                          0x000015a5   Thumb Code    80  wave.o(.text.Timer2A_Handler)
    Timer2A_Init                             0x000015f5   Thumb Code   136  wave.o(.text.Timer2A_Init)
    Timer2A_Start                            0x0000167d   Thumb Code    16  wave.o(.text.Timer2A_Start)
    Timer5A_Handler                          0x0000168d   Thumb Code    28  texas.o(.text.Timer5A_Handler)
    UART0_Init                               0x000016a9   Thumb Code   160  texas.o(.text.UART0_Init)
    Wave_Init                                0x00001749   Thumb Code    22  wave.o(.text.Wave_Init)
    Wave_Killed                              0x00001761   Thumb Code    20  wave.o(.text.Wave_Killed)
    Wave_Shoot                               0x00001775   Thumb Code    20  wave.o(.text.Wave_Shoot)
    Wave_Start                               0x00001789   Thumb Code    52  wave.o(.text.Wave_Start)
    Wave_Stop                                0x000017bd   Thumb Code    16  wave.o(.text.Wave_Stop)
    applymove                                0x000017cd   Thumb Code   132  spaceinvaders.o(.text.applymove)
    check_TA_DrY_collide                     0x00001851   Thumb Code   282  spaceinvaders.o(.text.check_TA_DrY_collide)
    check_collision                          0x0000196d   Thumb Code   560  spaceinvaders.o(.text.check_collision)
    check_collision_wheel_handle             0x00001b9d   Thumb Code   596  spaceinvaders.o(.text.check_collision_wheel_handle)
    delay                                    0x00002041   Thumb Code    70  spaceinvaders.o(.text.delay)
    direction                                0x00002089   Thumb Code   114  spaceinvaders.o(.text.direction)
    main                                     0x000020fd   Thumb Code  1282  spaceinvaders.o(.text.main)
    update_character                         0x000026b1   Thumb Code    42  spaceinvaders.o(.text.update_character)
    writecommand                             0x000026dd   Thumb Code    44  st7735.o(.text.writecommand)
    writedata                                0x00002709   Thumb Code    44  st7735.o(.text.writedata)
    DrY                                      0x00002734   Data         648  array.o(.rodata.DrY)
    black                                    0x00002f38   Data         648  array.o(.rodata.black)
    blacktrack                               0x000031c0   Data       40960  array.o(.rodata.blacktrack)
    handle                                   0x0000d1c0   Data         648  array.o(.rodata.handle)
    invaderkilled                            0x0000d448   Data        3377  wave.o(.rodata.invaderkilled)
    malav                                    0x0000e17a   Data         648  array.o(.rodata.malav)
    shoot                                    0x0000e402   Data        4080  wave.o(.rodata.shoot)
    sophia                                   0x0000f3f2   Data         648  array.o(.rodata.sophia)
    track                                    0x0000f7c4   Data       40960  array.o(.rodata.track)
    wheel                                    0x000197c4   Data         648  array.o(.rodata.wheel)
    Region$$Table$$Base                      0x00019a4c   Number         0  anon$$obj.o(Region$$Table)
    Region$$Table$$Limit                     0x00019a6c   Number         0  anon$$obj.o(Region$$Table)
    StTextColor                              0x20000000   Data           2  st7735.o(.data.StTextColor)
    handle_sprite                            0x20000006   Data           4  spaceinvaders.o(.data.handle_sprite)
    malav_sprite                             0x2000000a   Data           4  spaceinvaders.o(.data.malav_sprite)
    sophia_sprite                            0x2000000e   Data           4  spaceinvaders.o(.data.sophia_sprite)
    wheel_sprite1                            0x20000012   Data           4  spaceinvaders.o(.data.wheel_sprite1)
    wheel_sprite2                            0x20000016   Data           4  spaceinvaders.o(.data.wheel_sprite2)
    yerr                                     0x2000001a   Data           4  spaceinvaders.o(.data.yerr)
    __libspace_start                         0x20000020   Data          96  libspace.o(.bss)
    __temporary_stack_top$libspace           0x20000080   Data           0  libspace.o(.bss)
    PeriodicTask2                            0x20000084   Data           4  texas.o(.bss.PeriodicTask2)
    StX                                      0x2000008c   Data           4  st7735.o(.bss.StX)
    StY                                      0x20000090   Data           4  st7735.o(.bss.StY)
    Timer1_flag                              0x20000095   Data           1  spaceinvaders.o(.bss.Timer1_flag)
    collide_handle_result                    0x20000096   Data           1  spaceinvaders.o(.bss.collide_handle_result)
    collide_malav_result                     0x20000097   Data           1  spaceinvaders.o(.bss.collide_malav_result)
    collide_sophia_result                    0x20000098   Data           1  spaceinvaders.o(.bss.collide_sophia_result)
    collide_wheel1_result                    0x20000099   Data           1  spaceinvaders.o(.bss.collide_wheel1_result)
    collide_wheel2_result                    0x2000009a   Data           1  spaceinvaders.o(.bss.collide_wheel2_result)
    done                                     0x2000009c   Data           4  wave.o(.bss.done)
    global_pt                                0x200000a0   Data           4  wave.o(.bss.global_pt)
    index_sound                              0x200000a4   Data           4  wave.o(.bss.index_sound)



==============================================================================

Memory Map of the image

  Image Entry point : 0x0000026d

  Load Region LR_1 (Base: 0x00000000, Size: 0x00019a8c, Max: 0xffffffff, ABSOLUTE)

    Execution Region ER_RO (Exec base: 0x00000000, Load base: 0x00000000, Size: 0x00019a6c, Max: 0xffffffff, ABSOLUTE)

    Exec Addr    Load Addr    Size         Type   Attr      Idx    E Section Name        Object

    0x00000000   0x00000000   0x00000284   Code   RO            3  * RESET               startup.o
    0x00000284   0x00000284   0x00000008   Code   RO          344  * !!!main             c_w.l(__main.o)
    0x0000028c   0x0000028c   0x00000034   Code   RO          509    !!!scatter          c_w.l(__scatter.o)
    0x000002c0   0x000002c0   0x0000001a   Code   RO          511    !!handler_copy      c_w.l(__scatter_copy.o)
    0x000002da   0x000002da   0x00000002   PAD
    0x000002dc   0x000002dc   0x0000001c   Code   RO          513    !!handler_zi        c_w.l(__scatter_zi.o)
    0x000002f8   0x000002f8   0x00000002   Code   RO          371    .ARM.Collect$$libinit$$00000000  c_w.l(libinit.o)
    0x000002fa   0x000002fa   0x00000000   Code   RO          378    .ARM.Collect$$libinit$$00000002  c_w.l(libinit2.o)
    0x000002fa   0x000002fa   0x00000000   Code   RO          380    .ARM.Collect$$libinit$$00000004  c_w.l(libinit2.o)
    0x000002fa   0x000002fa   0x00000000   Code   RO          382    .ARM.Collect$$libinit$$00000006  c_w.l(libinit2.o)
    0x000002fa   0x000002fa   0x00000000   Code   RO          385    .ARM.Collect$$libinit$$0000000C  c_w.l(libinit2.o)
    0x000002fa   0x000002fa   0x00000000   Code   RO          387    .ARM.Collect$$libinit$$0000000E  c_w.l(libinit2.o)
    0x000002fa   0x000002fa   0x00000000   Code   RO          389    .ARM.Collect$$libinit$$00000010  c_w.l(libinit2.o)
    0x000002fa   0x000002fa   0x00000000   Code   RO          392    .ARM.Collect$$libinit$$00000013  c_w.l(libinit2.o)
    0x000002fa   0x000002fa   0x00000000   Code   RO          394    .ARM.Collect$$libinit$$00000015  c_w.l(libinit2.o)
    0x000002fa   0x000002fa   0x00000000   Code   RO          396    .ARM.Collect$$libinit$$00000017  c_w.l(libinit2.o)
    0x000002fa   0x000002fa   0x00000000   Code   RO          398    .ARM.Collect$$libinit$$00000019  c_w.l(libinit2.o)
    0x000002fa   0x000002fa   0x00000000   Code   RO          400    .ARM.Collect$$libinit$$0000001B  c_w.l(libinit2.o)
    0x000002fa   0x000002fa   0x00000000   Code   RO          402    .ARM.Collect$$libinit$$0000001D  c_w.l(libinit2.o)
    0x000002fa   0x000002fa   0x00000000   Code   RO          404    .ARM.Collect$$libinit$$0000001F  c_w.l(libinit2.o)
    0x000002fa   0x000002fa   0x00000000   Code   RO          406    .ARM.Collect$$libinit$$00000021  c_w.l(libinit2.o)
    0x000002fa   0x000002fa   0x00000000   Code   RO          408    .ARM.Collect$$libinit$$00000023  c_w.l(libinit2.o)
    0x000002fa   0x000002fa   0x00000000   Code   RO          410    .ARM.Collect$$libinit$$00000025  c_w.l(libinit2.o)
    0x000002fa   0x000002fa   0x00000000   Code   RO          412    .ARM.Collect$$libinit$$00000027  c_w.l(libinit2.o)
    0x000002fa   0x000002fa   0x00000000   Code   RO          416    .ARM.Collect$$libinit$$0000002E  c_w.l(libinit2.o)
    0x000002fa   0x000002fa   0x00000000   Code   RO          418    .ARM.Collect$$libinit$$00000030  c_w.l(libinit2.o)
    0x000002fa   0x000002fa   0x00000000   Code   RO          420    .ARM.Collect$$libinit$$00000032  c_w.l(libinit2.o)
    0x000002fa   0x000002fa   0x00000000   Code   RO          422    .ARM.Collect$$libinit$$00000034  c_w.l(libinit2.o)
    0x000002fa   0x000002fa   0x00000002   Code   RO          423    .ARM.Collect$$libinit$$00000035  c_w.l(libinit2.o)
    0x000002fc   0x000002fc   0x00000002   Code   RO          445    .ARM.Collect$$libshutdown$$00000000  c_w.l(libshutdown.o)
    0x000002fe   0x000002fe   0x00000000   Code   RO          460    .ARM.Collect$$libshutdown$$00000002  c_w.l(libshutdown2.o)
    0x000002fe   0x000002fe   0x00000000   Code   RO          462    .ARM.Collect$$libshutdown$$00000004  c_w.l(libshutdown2.o)
    0x000002fe   0x000002fe   0x00000000   Code   RO          465    .ARM.Collect$$libshutdown$$00000007  c_w.l(libshutdown2.o)
    0x000002fe   0x000002fe   0x00000000   Code   RO          468    .ARM.Collect$$libshutdown$$0000000A  c_w.l(libshutdown2.o)
    0x000002fe   0x000002fe   0x00000000   Code   RO          470    .ARM.Collect$$libshutdown$$0000000C  c_w.l(libshutdown2.o)
    0x000002fe   0x000002fe   0x00000000   Code   RO          473    .ARM.Collect$$libshutdown$$0000000F  c_w.l(libshutdown2.o)
    0x000002fe   0x000002fe   0x00000002   Code   RO          474    .ARM.Collect$$libshutdown$$00000010  c_w.l(libshutdown2.o)
    0x00000300   0x00000300   0x00000000   Code   RO          346    .ARM.Collect$$rtentry$$00000000  c_w.l(__rtentry.o)
    0x00000300   0x00000300   0x00000000   Code   RO          348    .ARM.Collect$$rtentry$$00000002  c_w.l(__rtentry2.o)
    0x00000300   0x00000300   0x00000006   Code   RO          360    .ARM.Collect$$rtentry$$00000004  c_w.l(__rtentry4.o)
    0x00000306   0x00000306   0x00000000   Code   RO          350    .ARM.Collect$$rtentry$$00000009  c_w.l(__rtentry2.o)
    0x00000306   0x00000306   0x00000004   Code   RO          351    .ARM.Collect$$rtentry$$0000000A  c_w.l(__rtentry2.o)
    0x0000030a   0x0000030a   0x00000000   Code   RO          353    .ARM.Collect$$rtentry$$0000000C  c_w.l(__rtentry2.o)
    0x0000030a   0x0000030a   0x00000008   Code   RO          354    .ARM.Collect$$rtentry$$0000000D  c_w.l(__rtentry2.o)
    0x00000312   0x00000312   0x00000002   Code   RO          375    .ARM.Collect$$rtexit$$00000000  c_w.l(rtexit.o)
    0x00000314   0x00000314   0x00000000   Code   RO          425    .ARM.Collect$$rtexit$$00000002  c_w.l(rtexit2.o)
    0x00000314   0x00000314   0x00000004   Code   RO          426    .ARM.Collect$$rtexit$$00000003  c_w.l(rtexit2.o)
    0x00000318   0x00000318   0x00000006   Code   RO          427    .ARM.Collect$$rtexit$$00000004  c_w.l(rtexit2.o)
    0x0000031e   0x0000031e   0x00000002   PAD
    0x00000320   0x00000320   0x00000030   Code   RO            4    .text               startup.o
    0x00000350   0x00000350   0x00000040   Code   RO          282    .text               busywait.o
    0x00000390   0x00000390   0x00000006   Code   RO          342    .text               c_w.l(heapauxi.o)
    0x00000396   0x00000396   0x0000004a   Code   RO          362    .text               c_w.l(sys_stackheap_outer.o)
    0x000003e0   0x000003e0   0x00000012   Code   RO          364    .text               c_w.l(exit.o)
    0x000003f2   0x000003f2   0x00000002   PAD
    0x000003f4   0x000003f4   0x00000008   Code   RO          372    .text               c_w.l(libspace.o)
    0x000003fc   0x000003fc   0x0000000c   Code   RO          435    .text               c_w.l(sys_exit.o)
    0x00000408   0x00000408   0x00000002   Code   RO          450    .text               c_w.l(use_no_semi.o)
    0x0000040a   0x0000040a   0x00000000   Code   RO          452    .text               c_w.l(indicate_semi.o)
    0x0000040a   0x0000040a   0x00000002   PAD
    0x0000040c   0x0000040c   0x000000fc   Code   RO          112    .text.ADC1_Init     texas.o
    0x00000508   0x00000508   0x00000046   Code   RO          128    .text.ADC_In        adc.o
    0x0000054e   0x0000054e   0x00000002   PAD
    0x00000550   0x00000550   0x0000010a   Code   RO          126    .text.ADC_Init      adc.o
    0x0000065a   0x0000065a   0x00000002   PAD
    0x0000065c   0x0000065c   0x00000046   Code   RO           33    .text.Button_Init   spaceinvaders.o
    0x000006a2   0x000006a2   0x00000002   PAD
    0x000006a4   0x000006a4   0x0000004c   Code   RO          137    .text.DAC_Init      dac.o
    0x000006f0   0x000006f0   0x00000014   Code   RO          139    .text.DAC_Out       dac.o
    0x00000704   0x00000704   0x0000002e   Code   RO          160    .text.Delay1ms      st7735.o
    0x00000732   0x00000732   0x00000002   PAD
    0x00000734   0x00000734   0x0000001c   Code   RO           88    .text.LogicAnalyzerA  texas.o
    0x00000750   0x00000750   0x0000001a   Code   RO           90    .text.LogicAnalyzerB  texas.o
    0x0000076a   0x0000076a   0x00000002   PAD
    0x0000076c   0x0000076c   0x0000001c   Code   RO           92    .text.LogicAnalyzerC  texas.o
    0x00000788   0x00000788   0x0000001a   Code   RO           94    .text.LogicAnalyzerE  texas.o
    0x000007a2   0x000007a2   0x00000002   PAD
    0x000007a4   0x000007a4   0x0000001a   Code   RO           96    .text.LogicAnalyzerF  texas.o
    0x000007be   0x000007be   0x00000002   PAD
    0x000007c0   0x000007c0   0x00000010   Code   RO          240    .text.Output_Init   st7735.o
    0x000007d0   0x000007d0   0x0000008a   Code   RO          148    .text.PLL_Init      pll.o
    0x0000085a   0x0000085a   0x00000002   PAD
    0x0000085c   0x0000085c   0x000000e8   Code   RO           98    .text.PeriodicTask2_Init  texas.o
    0x00000944   0x00000944   0x0000024c   Code   RO          196    .text.ST7735_DrawBitmap  st7735.o
    0x00000b90   0x00000b90   0x000001b4   Code   RO          198    .text.ST7735_DrawCharS  st7735.o
    0x00000d44   0x00000d44   0x00000070   Code   RO          174    .text.ST7735_DrawPixel  st7735.o
    0x00000db4   0x00000db4   0x0000009a   Code   RO          202    .text.ST7735_DrawString  st7735.o
    0x00000e4e   0x00000e4e   0x00000002   PAD
    0x00000e50   0x00000e50   0x0000013e   Code   RO          184    .text.ST7735_FillRect  st7735.o
    0x00000f8e   0x00000f8e   0x00000002   PAD
    0x00000f90   0x00000f90   0x00000034   Code   RO          168    .text.ST7735_FillScreen  st7735.o
    0x00000fc4   0x00000fc4   0x000000a6   Code   RO          170    .text.ST7735_InitR  st7735.o
    0x0000106a   0x0000106a   0x00000002   PAD
    0x0000106c   0x0000106c   0x0000010e   Code   RO          228    .text.ST7735_OutChar  st7735.o
    0x0000117a   0x0000117a   0x00000002   PAD
    0x0000117c   0x0000117c   0x00000024   Code   RO          230    .text.ST7735_OutString  st7735.o
    0x000011a0   0x000011a0   0x00000036   Code   RO          166    .text.ST7735_SetCursor  st7735.o
    0x000011d6   0x000011d6   0x00000002   PAD
    0x000011d8   0x000011d8   0x00000018   Code   RO           86    .text.Scope         texas.o
    0x000011f0   0x000011f0   0x00000168   Code   RO          114    .text.TExaS_Init    texas.o
    0x00001358   0x00001358   0x000001b2   Code   RO           47    .text.Timer1A_Handler  spaceinvaders.o
    0x0000150a   0x0000150a   0x00000002   PAD
    0x0000150c   0x0000150c   0x00000096   Code   RO           25    .text.Timer1_Init   timer1.o
    0x000015a2   0x000015a2   0x00000002   PAD
    0x000015a4   0x000015a4   0x00000050   Code   RO          297    .text.Timer2A_Handler  wave.o
    0x000015f4   0x000015f4   0x00000088   Code   RO          289    .text.Timer2A_Init  wave.o
    0x0000167c   0x0000167c   0x00000010   Code   RO          291    .text.Timer2A_Start  wave.o
    0x0000168c   0x0000168c   0x0000001c   Code   RO          100    .text.Timer5A_Handler  texas.o
    0x000016a8   0x000016a8   0x000000a0   Code   RO          104    .text.UART0_Init    texas.o
    0x00001748   0x00001748   0x00000016   Code   RO          295    .text.Wave_Init     wave.o
    0x0000175e   0x0000175e   0x00000002   PAD
    0x00001760   0x00001760   0x00000014   Code   RO          303    .text.Wave_Killed   wave.o
    0x00001774   0x00001774   0x00000014   Code   RO          301    .text.Wave_Shoot    wave.o
    0x00001788   0x00001788   0x00000034   Code   RO          299    .text.Wave_Start    wave.o
    0x000017bc   0x000017bc   0x00000010   Code   RO          293    .text.Wave_Stop     wave.o
    0x000017cc   0x000017cc   0x00000084   Code   RO           39    .text.applymove     spaceinvaders.o
    0x00001850   0x00001850   0x0000011a   Code   RO           45    .text.check_TA_DrY_collide  spaceinvaders.o
    0x0000196a   0x0000196a   0x00000002   PAD
    0x0000196c   0x0000196c   0x00000230   Code   RO           37    .text.check_collision  spaceinvaders.o
    0x00001b9c   0x00001b9c   0x00000254   Code   RO           41    .text.check_collision_wheel_handle  spaceinvaders.o
    0x00001df0   0x00001df0   0x000000aa   Code   RO          172    .text.commandList   st7735.o
    0x00001e9a   0x00001e9a   0x00000002   PAD
    0x00001e9c   0x00001e9c   0x000001a2   Code   RO          164    .text.commonInit    st7735.o
    0x0000203e   0x0000203e   0x00000002   PAD
    0x00002040   0x00002040   0x00000046   Code   RO           49    .text.delay         spaceinvaders.o
    0x00002086   0x00002086   0x00000002   PAD
    0x00002088   0x00002088   0x00000072   Code   RO           35    .text.direction     spaceinvaders.o
    0x000020fa   0x000020fa   0x00000002   PAD
    0x000020fc   0x000020fc   0x00000502   Code   RO           51    .text.main          spaceinvaders.o
    0x000025fe   0x000025fe   0x00000002   PAD
    0x00002600   0x00002600   0x0000001c   Code   RO          178    .text.pushColor     st7735.o
    0x0000261c   0x0000261c   0x00000094   Code   RO          176    .text.setAddrWindow  st7735.o
    0x000026b0   0x000026b0   0x0000002a   Code   RO           43    .text.update_character  spaceinvaders.o
    0x000026da   0x000026da   0x00000002   PAD
    0x000026dc   0x000026dc   0x0000002c   Code   RO          156    .text.writecommand  st7735.o
    0x00002708   0x00002708   0x0000002c   Code   RO          158    .text.writedata     st7735.o
    0x00002734   0x00002734   0x00000288   Data   RO          328    .rodata.DrY         array.o
    0x000029bc   0x000029bc   0x000004fb   Data   RO          265    .rodata.Font        st7735.o
    0x00002eb7   0x00002eb7   0x0000003b   Data   RO          254    .rodata.Rcmd1       st7735.o
    0x00002ef2   0x00002ef2   0x0000000d   Data   RO          255    .rodata.Rcmd2green  st7735.o
    0x00002eff   0x00002eff   0x0000000d   Data   RO          258    .rodata.Rcmd2red    st7735.o
    0x00002f0c   0x00002f0c   0x0000002b   Data   RO          259    .rodata.Rcmd3       st7735.o
    0x00002f37   0x00002f37   0x00000001   PAD
    0x00002f38   0x00002f38   0x00000288   Data   RO          327    .rodata.black       array.o
    0x000031c0   0x000031c0   0x0000a000   Data   RO          335    .rodata.blacktrack  array.o
    0x0000d1c0   0x0000d1c0   0x00000288   Data   RO          333    .rodata.handle      array.o
    0x0000d448   0x0000d448   0x00000d31   Data   RO          313    .rodata.invaderkilled  wave.o
    0x0000e179   0x0000e179   0x00000001   PAD
    0x0000e17a   0x0000e17a   0x00000288   Data   RO          330    .rodata.malav       array.o
    0x0000e402   0x0000e402   0x00000ff0   Data   RO          312    .rodata.shoot       wave.o
    0x0000f3f2   0x0000f3f2   0x00000288   Data   RO          329    .rodata.sophia      array.o
    0x0000f67a   0x0000f67a   0x00000134   Data   RO           77    .rodata.str1.1      spaceinvaders.o
    0x0000f7ae   0x0000f7ae   0x00000016   Data   RO          274    .rodata.str1.1      st7735.o
    0x0000f7c4   0x0000f7c4   0x0000a000   Data   RO          334    .rodata.track       array.o
    0x000197c4   0x000197c4   0x00000288   Data   RO          332    .rodata.wheel       array.o
    0x00019a4c   0x00019a4c   0x00000020   Data   RO          508    Region$$Table       anon$$obj.o


    Execution Region ER_RW (Exec base: 0x20000000, Load base: 0x00019a6c, Size: 0x00000020, Max: 0xffffffff, ABSOLUTE)

    Exec Addr    Load Addr    Size         Type   Attr      Idx    E Section Name        Object

    0x20000000   0x00019a6c   0x00000002   Data   RW          252    .data.StTextColor   st7735.o
    0x20000002   0x00019a6e   0x00000002   Data   RW          262    .data._height       st7735.o
    0x20000004   0x00019a70   0x00000002   Data   RW          261    .data._width        st7735.o
    0x20000006   0x00019a72   0x00000004   Data   RW           70    .data.handle_sprite  spaceinvaders.o
    0x2000000a   0x00019a76   0x00000004   Data   RW           67    .data.malav_sprite  spaceinvaders.o
    0x2000000e   0x00019a7a   0x00000004   Data   RW           66    .data.sophia_sprite  spaceinvaders.o
    0x20000012   0x00019a7e   0x00000004   Data   RW           68    .data.wheel_sprite1  spaceinvaders.o
    0x20000016   0x00019a82   0x00000004   Data   RW           69    .data.wheel_sprite2  spaceinvaders.o
    0x2000001a   0x00019a86   0x00000004   Data   RW           64    .data.yerr          spaceinvaders.o


    Execution Region ER_ZI (Exec base: 0x20000020, Load base: 0x00019a8c, Size: 0x00000488, Max: 0xffffffff, ABSOLUTE)

    Exec Addr    Load Addr    Size         Type   Attr      Idx    E Section Name        Object

    0x20000020        -       0x00000060   Zero   RW          373    .bss                c_w.l(libspace.o)
    0x20000080        -       0x00000001   Zero   RW          256    .bss.ColStart       st7735.o
    0x20000081   0x00019a8c   0x00000003   PAD
    0x20000084        -       0x00000004   Zero   RW          118    .bss.PeriodicTask2  texas.o
    0x20000088        -       0x00000001   Zero   RW          257    .bss.RowStart       st7735.o
    0x20000089   0x00019a8c   0x00000003   PAD
    0x2000008c        -       0x00000004   Zero   RW          250    .bss.StX            st7735.o
    0x20000090        -       0x00000004   Zero   RW          251    .bss.StY            st7735.o
    0x20000094        -       0x00000001   Zero   RW          260    .bss.TabColor       st7735.o
    0x20000095        -       0x00000001   Zero   RW           76    .bss.Timer1_flag    spaceinvaders.o
    0x20000096        -       0x00000001   Zero   RW           73    .bss.collide_handle_result  spaceinvaders.o
    0x20000097        -       0x00000001   Zero   RW           74    .bss.collide_malav_result  spaceinvaders.o
    0x20000098        -       0x00000001   Zero   RW           75    .bss.collide_sophia_result  spaceinvaders.o
    0x20000099        -       0x00000001   Zero   RW           71    .bss.collide_wheel1_result  spaceinvaders.o
    0x2000009a        -       0x00000001   Zero   RW           72    .bss.collide_wheel2_result  spaceinvaders.o
    0x2000009b   0x00019a8c   0x00000001   PAD
    0x2000009c        -       0x00000004   Zero   RW          309    .bss.done           wave.o
    0x200000a0        -       0x00000004   Zero   RW          311    .bss.global_pt      wave.o
    0x200000a4        -       0x00000004   Zero   RW          310    .bss.index_sound    wave.o
    0x200000a8        -       0x00000000   Zero   RW            2    HEAP                startup.o
    0x200000a8        -       0x00000400   Zero   RW            1    STACK               startup.o


==============================================================================

Image component sizes


      Code (inc. data)   RO Data    RW Data    ZI Data      Debug   Object Name

       336          0          0          0          0        798   adc.o
         0          0      85808          0          0        666   array.o
        64          2          0          0          0        252   busywait.o
        96          0          0          0          0        698   dac.o
       138          0          0          0          0        574   pll.o
      3582          0        308         24          6       5801   spaceinvaders.o
      3100          0       1425          6         11      12608   st7735.o
       692        632          0          0       1024        956   startup.o
      1190          0          0          0          4       2841   texas.o
       150          0          0          0          0        643   timer1.o
       362          0       7457          0         12       2078   wave.o

    ----------------------------------------------------------------------
      9756        634      95032         32       1064      27915   Object Totals
         0          0         32          0          0          0   (incl. Generated)
        46          0          2          2          7          0   (incl. Padding)

    ----------------------------------------------------------------------

      Code (inc. data)   RO Data    RW Data    ZI Data      Debug   Library Member Name

         8          0          0          0          0         68   __main.o
         0          0          0          0          0          0   __rtentry.o
        12          0          0          0          0          0   __rtentry2.o
         6          0          0          0          0          0   __rtentry4.o
        52          8          0          0          0          0   __scatter.o
        26          0          0          0          0          0   __scatter_copy.o
        28          0          0          0          0          0   __scatter_zi.o
        18          0          0          0          0         80   exit.o
         6          0          0          0          0        152   heapauxi.o
         0          0          0          0          0          0   indicate_semi.o
         2          0          0          0          0          0   libinit.o
         2          0          0          0          0          0   libinit2.o
         2          0          0          0          0          0   libshutdown.o
         2          0          0          0          0          0   libshutdown2.o
         8          4          0          0         96         68   libspace.o
         2          0          0          0          0          0   rtexit.o
        10          0          0          0          0          0   rtexit2.o
        12          4          0          0          0         68   sys_exit.o
        74          0          0          0          0         80   sys_stackheap_outer.o
         2          0          0          0          0         68   use_no_semi.o

    ----------------------------------------------------------------------
       280         16          0          0         96        584   Library Totals
         8          0          0          0          0          0   (incl. Padding)

    ----------------------------------------------------------------------

      Code (inc. data)   RO Data    RW Data    ZI Data      Debug   Library Name

       272         16          0          0         96        584   c_w.l

    ----------------------------------------------------------------------
       280         16          0          0         96        584   Library Totals

    ----------------------------------------------------------------------

==============================================================================


      Code (inc. data)   RO Data    RW Data    ZI Data      Debug   

     10036        650      95032         32       1160      28251   Grand Totals
     10036        650      95032         32       1160      28251   ELF Image Totals
     10036        650      95032         32          0          0   ROM Totals

==============================================================================

    Total RO  Size (Code + RO Data)               105068 ( 102.61kB)
    Total RW  Size (RW Data + ZI Data)              1192 (   1.16kB)
    Total ROM Size (Code + RO Data + RW Data)     105100 ( 102.64kB)

==============================================================================

